2026-06-01 19:03:57,797 - __main__ - INFO - 
================ STARTING PIPELINE ================
2026-06-01 19:03:59,347 - functions - INFO - 
================ RUNNING OPTUNA SWEEP ================
2026-06-01 19:03:59,347 - functions - INFO - Varying parameters for folder naming: ['hid_size', 'emb_size', 'lr']
2026-06-01 19:03:59,347 - functions - INFO - Large search space detected (225 max combinations). Using Smart TPE Search for 20 trials.
2026-06-01 19:03:59,348 - functions - INFO - 
Searching for 20 unique hyperparameter combinations...
2026-06-01 19:03:59,353 - functions - INFO - 
--- Trial 0 ---
2026-06-01 19:03:59,353 - functions - INFO - Testing params for Model IAS with bidirectionality: {'n_epochs': 100, 'runs': 5, 'patience_value': 5, 'hid_size': 350, 'emb_size': 500, 'optimizer': 'Adam', 'lr': 0.001, 'clip': 5.0, 'train_batch_size': 64, 'eval_batch_size': 128}
2026-06-01 19:05:10,495 - functions - INFO - [Memory before cleanup] Allocated: 61.47 MB, Reserved: 312.00 MB
2026-06-01 19:05:10,645 - functions - INFO - [Memory after cleanup] Allocated: 38.96 MB, Reserved: 82.00 MB
2026-06-01 19:05:10,645 - functions - INFO - --------------------------------------------------
2026-06-01 19:06:44,484 - functions - INFO - [Memory before cleanup] Allocated: 61.35 MB, Reserved: 272.00 MB
2026-06-01 19:06:44,634 - functions - INFO - [Memory after cleanup] Allocated: 38.96 MB, Reserved: 82.00 MB
2026-06-01 19:06:44,634 - functions - INFO - --------------------------------------------------
2026-06-01 19:08:19,702 - functions - INFO - [Memory before cleanup] Allocated: 61.35 MB, Reserved: 312.00 MB
2026-06-01 19:08:19,849 - functions - INFO - [Memory after cleanup] Allocated: 38.96 MB, Reserved: 82.00 MB
2026-06-01 19:08:19,849 - functions - INFO - --------------------------------------------------
2026-06-01 19:10:07,880 - functions - INFO - [Memory before cleanup] Allocated: 61.35 MB, Reserved: 314.00 MB
2026-06-01 19:10:08,037 - functions - INFO - [Memory after cleanup] Allocated: 38.96 MB, Reserved: 82.00 MB
2026-06-01 19:10:08,037 - functions - INFO - --------------------------------------------------
2026-06-01 19:11:09,116 - functions - INFO - [Memory before cleanup] Allocated: 61.64 MB, Reserved: 272.00 MB
2026-06-01 19:11:09,267 - functions - INFO - [Memory after cleanup] Allocated: 39.07 MB, Reserved: 82.00 MB
2026-06-01 19:11:09,267 - functions - INFO - --------------------------------------------------
2026-06-01 19:11:09,274 - functions - INFO - Losses and parameters saved to /home/disi/NLU-RS-Project/NLU/part_A/results/part2a1/sweep_2026-06-01_19-03-57/hid_size=350_emb_size=500_lr=0.001/losses.json
2026-06-01 19:11:09,552 - functions - INFO - Loss plot successfully generated and saved to /home/disi/NLU-RS-Project/NLU/part_A/results/part2a1/sweep_2026-06-01_19-03-57/hid_size=350_emb_size=500_lr=0.001/loss_plot.png
2026-06-01 19:11:09,553 - functions - INFO - 
New best model found! Saving files to /home/disi/NLU-RS-Project/NLU/part_A/results/part2a1/sweep_2026-06-01_19-03-57/best_model...
2026-06-01 19:11:09,568 - functions - INFO - Model saved to /home/disi/NLU-RS-Project/NLU/part_A/results/part2a1/sweep_2026-06-01_19-03-57/best_model/model.pt
2026-06-01 19:11:09,569 - functions - INFO - Losses and parameters saved to /home/disi/NLU-RS-Project/NLU/part_A/results/part2a1/sweep_2026-06-01_19-03-57/best_model/losses.json
2026-06-01 19:11:09,844 - functions - INFO - Loss plot successfully generated and saved to /home/disi/NLU-RS-Project/NLU/part_A/results/part2a1/sweep_2026-06-01_19-03-57/best_model/loss_plot.png
2026-06-01 19:11:09,851 - functions - INFO - 
--- Trial 1 ---
2026-06-01 19:11:09,851 - functions - INFO - Testing params for Model IAS with bidirectionality: {'n_epochs': 100, 'runs': 5, 'patience_value': 5, 'hid_size': 250, 'emb_size': 500, 'optimizer': 'Adam', 'lr': 0.0003, 'clip': 5.0, 'train_batch_size': 64, 'eval_batch_size': 128}
2026-06-01 19:13:27,452 - functions - INFO - [Memory before cleanup] Allocated: 47.12 MB, Reserved: 242.00 MB
2026-06-01 19:13:27,632 - functions - INFO - [Memory after cleanup] Allocated: 31.74 MB, Reserved: 86.00 MB
2026-06-01 19:13:27,633 - functions - INFO - --------------------------------------------------
2026-06-01 19:15:16,750 - functions - INFO - [Memory before cleanup] Allocated: 48.68 MB, Reserved: 242.00 MB
2026-06-01 19:15:16,883 - functions - INFO - [Memory after cleanup] Allocated: 33.31 MB, Reserved: 66.00 MB
2026-06-01 19:15:16,883 - functions - INFO - --------------------------------------------------
2026-06-01 19:16:44,136 - functions - INFO - [Memory before cleanup] Allocated: 48.51 MB, Reserved: 254.00 MB
2026-06-01 19:16:44,266 - functions - INFO - [Memory after cleanup] Allocated: 33.14 MB, Reserved: 64.00 MB
2026-06-01 19:16:44,266 - functions - INFO - --------------------------------------------------
2026-06-01 19:19:08,710 - functions - INFO - [Memory before cleanup] Allocated: 47.52 MB, Reserved: 254.00 MB
2026-06-01 19:19:08,865 - functions - INFO - [Memory after cleanup] Allocated: 32.14 MB, Reserved: 64.00 MB
2026-06-01 19:19:08,865 - functions - INFO - --------------------------------------------------
2026-06-01 19:21:31,634 - functions - INFO - [Memory before cleanup] Allocated: 48.44 MB, Reserved: 254.00 MB
2026-06-01 19:21:31,778 - functions - INFO - [Memory after cleanup] Allocated: 32.45 MB, Reserved: 64.00 MB
2026-06-01 19:21:31,778 - functions - INFO - --------------------------------------------------
2026-06-01 19:21:31,782 - functions - INFO - Losses and parameters saved to /home/disi/NLU-RS-Project/NLU/part_A/results/part2a1/sweep_2026-06-01_19-03-57/hid_size=250_emb_size=500_lr=0.0003/losses.json
2026-06-01 19:21:32,020 - functions - INFO - Loss plot successfully generated and saved to /home/disi/NLU-RS-Project/NLU/part_A/results/part2a1/sweep_2026-06-01_19-03-57/hid_size=250_emb_size=500_lr=0.0003/loss_plot.png
2026-06-01 19:21:32,026 - functions - INFO - 
--- Trial 2 ---
2026-06-01 19:21:32,026 - functions - INFO - Testing params for Model IAS with bidirectionality: {'n_epochs': 100, 'runs': 5, 'patience_value': 5, 'hid_size': 350, 'emb_size': 400, 'optimizer': 'Adam', 'lr': 5e-05, 'clip': 5.0, 'train_batch_size': 64, 'eval_batch_size': 128}
2026-06-01 19:24:02,769 - functions - INFO - [Memory before cleanup] Allocated: 56.01 MB, Reserved: 306.00 MB
2026-06-01 19:24:02,902 - functions - INFO - [Memory after cleanup] Allocated: 36.47 MB, Reserved: 62.00 MB
2026-06-01 19:24:02,902 - functions - INFO - --------------------------------------------------
2026-06-01 19:26:35,171 - functions - INFO - [Memory before cleanup] Allocated: 55.34 MB, Reserved: 308.00 MB
2026-06-01 19:26:35,306 - functions - INFO - [Memory after cleanup] Allocated: 35.80 MB, Reserved: 62.00 MB
2026-06-01 19:26:35,306 - functions - INFO - --------------------------------------------------
2026-06-01 19:29:07,262 - functions - INFO - [Memory before cleanup] Allocated: 56.15 MB, Reserved: 270.00 MB
2026-06-01 19:29:07,401 - functions - INFO - [Memory after cleanup] Allocated: 36.35 MB, Reserved: 60.00 MB
2026-06-01 19:29:07,401 - functions - INFO - --------------------------------------------------
2026-06-01 19:31:37,144 - functions - INFO - [Memory before cleanup] Allocated: 55.44 MB, Reserved: 270.00 MB
2026-06-01 19:31:37,283 - functions - INFO - [Memory after cleanup] Allocated: 35.80 MB, Reserved: 62.00 MB
2026-06-01 19:31:37,284 - functions - INFO - --------------------------------------------------
2026-06-01 19:34:06,869 - functions - INFO - [Memory before cleanup] Allocated: 56.48 MB, Reserved: 288.00 MB
2026-06-01 19:34:07,000 - functions - INFO - [Memory after cleanup] Allocated: 36.93 MB, Reserved: 62.00 MB
2026-06-01 19:34:07,001 - functions - INFO - --------------------------------------------------
2026-06-01 19:34:07,004 - functions - INFO - Losses and parameters saved to /home/disi/NLU-RS-Project/NLU/part_A/results/part2a1/sweep_2026-06-01_19-03-57/hid_size=350_emb_size=400_lr=5e-05/losses.json
2026-06-01 19:34:07,227 - functions - INFO - Loss plot successfully generated and saved to /home/disi/NLU-RS-Project/NLU/part_A/results/part2a1/sweep_2026-06-01_19-03-57/hid_size=350_emb_size=400_lr=5e-05/loss_plot.png
2026-06-01 19:34:07,233 - functions - INFO - 
--- Trial 3 ---
2026-06-01 19:34:07,234 - functions - INFO - Testing params for Model IAS with bidirectionality: {'n_epochs': 100, 'runs': 5, 'patience_value': 5, 'hid_size': 400, 'emb_size': 450, 'optimizer': 'Adam', 'lr': 0.0005, 'clip': 5.0, 'train_batch_size': 64, 'eval_batch_size': 128}
2026-06-01 19:36:42,350 - functions - INFO - [Memory before cleanup] Allocated: 66.52 MB, Reserved: 272.00 MB
2026-06-01 19:36:42,477 - functions - INFO - [Memory after cleanup] Allocated: 41.53 MB, Reserved: 62.00 MB
2026-06-01 19:36:42,477 - functions - INFO - --------------------------------------------------
2026-06-01 19:38:00,013 - functions - INFO - [Memory before cleanup] Allocated: 66.21 MB, Reserved: 284.00 MB
2026-06-01 19:38:00,158 - functions - INFO - [Memory after cleanup] Allocated: 41.42 MB, Reserved: 62.00 MB
2026-06-01 19:38:00,158 - functions - INFO - --------------------------------------------------
2026-06-01 19:39:32,882 - functions - INFO - [Memory before cleanup] Allocated: 66.27 MB, Reserved: 338.00 MB
2026-06-01 19:39:33,017 - functions - INFO - [Memory after cleanup] Allocated: 41.42 MB, Reserved: 64.00 MB
2026-06-01 19:39:33,018 - functions - INFO - --------------------------------------------------
2026-06-01 19:42:06,074 - functions - INFO - [Memory before cleanup] Allocated: 66.27 MB, Reserved: 338.00 MB
2026-06-01 19:42:06,207 - functions - INFO - [Memory after cleanup] Allocated: 41.42 MB, Reserved: 62.00 MB
2026-06-01 19:42:06,207 - functions - INFO - --------------------------------------------------
2026-06-01 19:44:39,882 - functions - INFO - [Memory before cleanup] Allocated: 66.27 MB, Reserved: 324.00 MB
2026-06-01 19:44:40,013 - functions - INFO - [Memory after cleanup] Allocated: 41.42 MB, Reserved: 64.00 MB
2026-06-01 19:44:40,013 - functions - INFO - --------------------------------------------------
2026-06-01 19:44:40,018 - functions - INFO - Losses and parameters saved to /home/disi/NLU-RS-Project/NLU/part_A/results/part2a1/sweep_2026-06-01_19-03-57/hid_size=400_emb_size=450_lr=0.0005/losses.json
2026-06-01 19:44:40,246 - functions - INFO - Loss plot successfully generated and saved to /home/disi/NLU-RS-Project/NLU/part_A/results/part2a1/sweep_2026-06-01_19-03-57/hid_size=400_emb_size=450_lr=0.0005/loss_plot.png
2026-06-01 19:44:40,252 - functions - INFO - 
--- Trial 4 ---
2026-06-01 19:44:40,252 - functions - INFO - Testing params for Model IAS with bidirectionality: {'n_epochs': 100, 'runs': 5, 'patience_value': 5, 'hid_size': 300, 'emb_size': 400, 'optimizer': 'Adam', 'lr': 5e-05, 'clip': 5.0, 'train_batch_size': 64, 'eval_batch_size': 128}
2026-06-01 19:47:06,082 - functions - INFO - [Memory before cleanup] Allocated: 49.05 MB, Reserved: 230.00 MB
2026-06-01 19:47:06,213 - functions - INFO - [Memory after cleanup] Allocated: 32.84 MB, Reserved: 62.00 MB
2026-06-01 19:47:06,214 - functions - INFO - --------------------------------------------------
2026-06-01 19:49:32,402 - functions - INFO - [Memory before cleanup] Allocated: 49.30 MB, Reserved: 232.00 MB
2026-06-01 19:49:32,533 - functions - INFO - [Memory after cleanup] Allocated: 33.08 MB, Reserved: 62.00 MB
2026-06-01 19:49:32,533 - functions - INFO - --------------------------------------------------
2026-06-01 19:51:58,370 - functions - INFO - [Memory before cleanup] Allocated: 49.37 MB, Reserved: 230.00 MB
2026-06-01 19:51:58,495 - functions - INFO - [Memory after cleanup] Allocated: 33.16 MB, Reserved: 62.00 MB
2026-06-01 19:51:58,495 - functions - INFO - --------------------------------------------------
2026-06-01 19:54:25,741 - functions - INFO - [Memory before cleanup] Allocated: 50.58 MB, Reserved: 266.00 MB
2026-06-01 19:54:25,874 - functions - INFO - [Memory after cleanup] Allocated: 33.93 MB, Reserved: 62.00 MB
2026-06-01 19:54:25,875 - functions - INFO - --------------------------------------------------
2026-06-01 19:56:51,298 - functions - INFO - [Memory before cleanup] Allocated: 49.92 MB, Reserved: 266.00 MB
2026-06-01 19:56:51,423 - functions - INFO - [Memory after cleanup] Allocated: 33.70 MB, Reserved: 64.00 MB
2026-06-01 19:56:51,423 - functions - INFO - --------------------------------------------------
2026-06-01 19:56:51,427 - functions - INFO - Losses and parameters saved to /home/disi/NLU-RS-Project/NLU/part_A/results/part2a1/sweep_2026-06-01_19-03-57/hid_size=300_emb_size=400_lr=5e-05/losses.json
2026-06-01 19:56:51,644 - functions - INFO - Loss plot successfully generated and saved to /home/disi/NLU-RS-Project/NLU/part_A/results/part2a1/sweep_2026-06-01_19-03-57/hid_size=300_emb_size=400_lr=5e-05/loss_plot.png
2026-06-01 19:56:51,651 - functions - INFO - 
--- Trial 5 ---
2026-06-01 19:56:51,651 - functions - INFO - Testing params for Model IAS with bidirectionality: {'n_epochs': 100, 'runs': 5, 'patience_value': 5, 'hid_size': 300, 'emb_size': 500, 'optimizer': 'Adam', 'lr': 0.0003, 'clip': 5.0, 'train_batch_size': 64, 'eval_batch_size': 128}
2026-06-01 19:58:48,604 - functions - INFO - [Memory before cleanup] Allocated: 55.22 MB, Reserved: 252.00 MB
2026-06-01 19:58:48,740 - functions - INFO - [Memory after cleanup] Allocated: 36.51 MB, Reserved: 62.00 MB
2026-06-01 19:58:48,740 - functions - INFO - --------------------------------------------------
2026-06-01 20:00:09,433 - functions - INFO - [Memory before cleanup] Allocated: 55.89 MB, Reserved: 292.00 MB
2026-06-01 20:00:09,558 - functions - INFO - [Memory after cleanup] Allocated: 36.87 MB, Reserved: 62.00 MB
2026-06-01 20:00:09,558 - functions - INFO - --------------------------------------------------
2026-06-01 20:02:20,596 - functions - INFO - [Memory before cleanup] Allocated: 54.58 MB, Reserved: 254.00 MB
2026-06-01 20:02:20,729 - functions - INFO - [Memory after cleanup] Allocated: 35.87 MB, Reserved: 60.00 MB
2026-06-01 20:02:20,729 - functions - INFO - --------------------------------------------------
2026-06-01 20:04:32,722 - functions - INFO - [Memory before cleanup] Allocated: 54.90 MB, Reserved: 290.00 MB
2026-06-01 20:04:32,855 - functions - INFO - [Memory after cleanup] Allocated: 36.19 MB, Reserved: 60.00 MB
2026-06-01 20:04:32,855 - functions - INFO - --------------------------------------------------
2026-06-01 20:06:57,524 - functions - INFO - [Memory before cleanup] Allocated: 56.15 MB, Reserved: 252.00 MB
2026-06-01 20:06:57,654 - functions - INFO - [Memory after cleanup] Allocated: 37.05 MB, Reserved: 60.00 MB
2026-06-01 20:06:57,654 - functions - INFO - --------------------------------------------------
2026-06-01 20:06:57,670 - functions - INFO - Losses and parameters saved to /home/disi/NLU-RS-Project/NLU/part_A/results/part2a1/sweep_2026-06-01_19-03-57/hid_size=300_emb_size=500_lr=0.0003/losses.json
2026-06-01 20:06:57,918 - functions - INFO - Loss plot successfully generated and saved to /home/disi/NLU-RS-Project/NLU/part_A/results/part2a1/sweep_2026-06-01_19-03-57/hid_size=300_emb_size=500_lr=0.0003/loss_plot.png
2026-06-01 20:06:57,925 - functions - INFO - 
--- Trial 6 ---
2026-06-01 20:06:57,925 - functions - INFO - Testing params for Model IAS with bidirectionality: {'n_epochs': 100, 'runs': 5, 'patience_value': 5, 'hid_size': 250, 'emb_size': 350, 'optimizer': 'Adam', 'lr': 0.0002, 'clip': 5.0, 'train_batch_size': 64, 'eval_batch_size': 128}
2026-06-01 20:08:58,881 - functions - INFO - [Memory before cleanup] Allocated: 40.53 MB, Reserved: 216.00 MB
2026-06-01 20:08:59,017 - functions - INFO - [Memory after cleanup] Allocated: 28.43 MB, Reserved: 66.00 MB
2026-06-01 20:08:59,017 - functions - INFO - --------------------------------------------------
2026-06-01 20:11:11,937 - functions - INFO - [Memory before cleanup] Allocated: 41.49 MB, Reserved: 216.00 MB
2026-06-01 20:11:12,063 - functions - INFO - [Memory after cleanup] Allocated: 28.35 MB, Reserved: 66.00 MB
2026-06-01 20:11:12,063 - functions - INFO - --------------------------------------------------
2026-06-01 20:13:32,384 - functions - INFO - [Memory before cleanup] Allocated: 41.76 MB, Reserved: 216.00 MB
2026-06-01 20:13:32,515 - functions - INFO - [Memory after cleanup] Allocated: 29.67 MB, Reserved: 66.00 MB
2026-06-01 20:13:32,515 - functions - INFO - --------------------------------------------------
2026-06-01 20:15:54,374 - functions - INFO - [Memory before cleanup] Allocated: 41.25 MB, Reserved: 216.00 MB
2026-06-01 20:15:54,509 - functions - INFO - [Memory after cleanup] Allocated: 29.15 MB, Reserved: 64.00 MB
2026-06-01 20:15:54,509 - functions - INFO - --------------------------------------------------
2026-06-01 20:18:09,513 - functions - INFO - [Memory before cleanup] Allocated: 41.44 MB, Reserved: 216.00 MB
2026-06-01 20:18:09,640 - functions - INFO - [Memory after cleanup] Allocated: 29.15 MB, Reserved: 66.00 MB
2026-06-01 20:18:09,641 - functions - INFO - --------------------------------------------------
2026-06-01 20:18:09,646 - functions - INFO - Losses and parameters saved to /home/disi/NLU-RS-Project/NLU/part_A/results/part2a1/sweep_2026-06-01_19-03-57/hid_size=250_emb_size=350_lr=0.0002/losses.json
2026-06-01 20:18:09,866 - functions - INFO - Loss plot successfully generated and saved to /home/disi/NLU-RS-Project/NLU/part_A/results/part2a1/sweep_2026-06-01_19-03-57/hid_size=250_emb_size=350_lr=0.0002/loss_plot.png
2026-06-01 20:18:09,867 - functions - INFO - 
New best model found! Saving files to /home/disi/NLU-RS-Project/NLU/part_A/results/part2a1/sweep_2026-06-01_19-03-57/best_model...
2026-06-01 20:18:09,878 - functions - INFO - Model saved to /home/disi/NLU-RS-Project/NLU/part_A/results/part2a1/sweep_2026-06-01_19-03-57/best_model/model.pt
2026-06-01 20:18:09,879 - functions - INFO - Losses and parameters saved to /home/disi/NLU-RS-Project/NLU/part_A/results/part2a1/sweep_2026-06-01_19-03-57/best_model/losses.json
2026-06-01 20:18:10,111 - functions - INFO - Loss plot successfully generated and saved to /home/disi/NLU-RS-Project/NLU/part_A/results/part2a1/sweep_2026-06-01_19-03-57/best_model/loss_plot.png
2026-06-01 20:18:10,117 - functions - INFO - 
--- Trial 7 ---
2026-06-01 20:18:10,117 - functions - INFO - Testing params for Model IAS with bidirectionality: {'n_epochs': 100, 'runs': 5, 'patience_value': 5, 'hid_size': 250, 'emb_size': 300, 'optimizer': 'Adam', 'lr': 0.0005, 'clip': 5.0, 'train_batch_size': 64, 'eval_batch_size': 128}
2026-06-01 20:20:18,123 - functions - INFO - [Memory before cleanup] Allocated: 38.73 MB, Reserved: 220.00 MB
2026-06-01 20:20:18,254 - functions - INFO - [Memory after cleanup] Allocated: 27.73 MB, Reserved: 68.00 MB
2026-06-01 20:20:18,254 - functions - INFO - --------------------------------------------------
2026-06-01 20:21:43,861 - functions - INFO - [Memory before cleanup] Allocated: 38.26 MB, Reserved: 220.00 MB
2026-06-01 20:21:43,999 - functions - INFO - [Memory after cleanup] Allocated: 27.26 MB, Reserved: 70.00 MB
2026-06-01 20:21:44,000 - functions - INFO - --------------------------------------------------
2026-06-01 20:22:54,925 - functions - INFO - [Memory before cleanup] Allocated: 38.26 MB, Reserved: 218.00 MB
2026-06-01 20:22:55,061 - functions - INFO - [Memory after cleanup] Allocated: 27.26 MB, Reserved: 70.00 MB
2026-06-01 20:22:55,061 - functions - INFO - --------------------------------------------------
2026-06-01 20:25:16,377 - functions - INFO - [Memory before cleanup] Allocated: 38.26 MB, Reserved: 220.00 MB
2026-06-01 20:25:16,509 - functions - INFO - [Memory after cleanup] Allocated: 27.26 MB, Reserved: 68.00 MB
2026-06-01 20:25:16,509 - functions - INFO - --------------------------------------------------
2026-06-01 20:26:39,987 - functions - INFO - [Memory before cleanup] Allocated: 38.26 MB, Reserved: 220.00 MB
2026-06-01 20:26:40,120 - functions - INFO - [Memory after cleanup] Allocated: 27.26 MB, Reserved: 68.00 MB
2026-06-01 20:26:40,120 - functions - INFO - --------------------------------------------------
2026-06-01 20:26:40,123 - functions - INFO - Losses and parameters saved to /home/disi/NLU-RS-Project/NLU/part_A/results/part2a1/sweep_2026-06-01_19-03-57/hid_size=250_emb_size=300_lr=0.0005/losses.json
2026-06-01 20:26:40,354 - functions - INFO - Loss plot successfully generated and saved to /home/disi/NLU-RS-Project/NLU/part_A/results/part2a1/sweep_2026-06-01_19-03-57/hid_size=250_emb_size=300_lr=0.0005/loss_plot.png
2026-06-01 20:26:40,362 - functions - INFO - 
--- Trial 8 ---
2026-06-01 20:26:40,362 - functions - INFO - Testing params for Model IAS with bidirectionality: {'n_epochs': 100, 'runs': 5, 'patience_value': 5, 'hid_size': 400, 'emb_size': 300, 'optimizer': 'Adam', 'lr': 1e-05, 'clip': 5.0, 'train_batch_size': 64, 'eval_batch_size': 128}
2026-06-01 20:29:11,571 - functions - INFO - [Memory before cleanup] Allocated: 56.41 MB, Reserved: 306.00 MB
2026-06-01 20:29:11,706 - functions - INFO - [Memory after cleanup] Allocated: 36.33 MB, Reserved: 66.00 MB
2026-06-01 20:29:11,706 - functions - INFO - --------------------------------------------------
2026-06-01 20:31:42,799 - functions - INFO - [Memory before cleanup] Allocated: 56.41 MB, Reserved: 278.00 MB
2026-06-01 20:31:42,924 - functions - INFO - [Memory after cleanup] Allocated: 36.33 MB, Reserved: 66.00 MB
2026-06-01 20:31:42,924 - functions - INFO - --------------------------------------------------
2026-06-01 20:34:12,505 - functions - INFO - [Memory before cleanup] Allocated: 56.41 MB, Reserved: 270.00 MB
2026-06-01 20:34:12,633 - functions - INFO - [Memory after cleanup] Allocated: 36.33 MB, Reserved: 66.00 MB
2026-06-01 20:34:12,633 - functions - INFO - --------------------------------------------------
2026-06-01 20:36:44,478 - functions - INFO - [Memory before cleanup] Allocated: 57.38 MB, Reserved: 320.00 MB
2026-06-01 20:36:44,614 - functions - INFO - [Memory after cleanup] Allocated: 37.30 MB, Reserved: 66.00 MB
2026-06-01 20:36:44,614 - functions - INFO - --------------------------------------------------
2026-06-01 20:39:15,562 - functions - INFO - [Memory before cleanup] Allocated: 56.41 MB, Reserved: 308.00 MB
2026-06-01 20:39:15,695 - functions - INFO - [Memory after cleanup] Allocated: 36.33 MB, Reserved: 64.00 MB
2026-06-01 20:39:15,696 - functions - INFO - --------------------------------------------------
2026-06-01 20:39:15,699 - functions - INFO - Losses and parameters saved to /home/disi/NLU-RS-Project/NLU/part_A/results/part2a1/sweep_2026-06-01_19-03-57/hid_size=400_emb_size=300_lr=1e-05/losses.json
2026-06-01 20:39:15,940 - functions - INFO - Loss plot successfully generated and saved to /home/disi/NLU-RS-Project/NLU/part_A/results/part2a1/sweep_2026-06-01_19-03-57/hid_size=400_emb_size=300_lr=1e-05/loss_plot.png
2026-06-01 20:39:15,947 - functions - INFO - 
--- Trial 9 ---
2026-06-01 20:39:15,947 - functions - INFO - Testing params for Model IAS with bidirectionality: {'n_epochs': 100, 'runs': 5, 'patience_value': 5, 'hid_size': 300, 'emb_size': 500, 'optimizer': 'Adam', 'lr': 0.001, 'clip': 5.0, 'train_batch_size': 64, 'eval_batch_size': 128}
2026-06-01 20:40:49,881 - functions - INFO - [Memory before cleanup] Allocated: 54.32 MB, Reserved: 290.00 MB
2026-06-01 20:40:50,008 - functions - INFO - [Memory after cleanup] Allocated: 35.62 MB, Reserved: 62.00 MB
2026-06-01 20:40:50,009 - functions - INFO - --------------------------------------------------
2026-06-01 20:41:48,272 - functions - INFO - [Memory before cleanup] Allocated: 54.56 MB, Reserved: 254.00 MB
2026-06-01 20:41:48,400 - functions - INFO - [Memory after cleanup] Allocated: 35.32 MB, Reserved: 62.00 MB
2026-06-01 20:41:48,400 - functions - INFO - --------------------------------------------------
2026-06-01 20:44:15,510 - functions - INFO - [Memory before cleanup] Allocated: 54.98 MB, Reserved: 252.00 MB
2026-06-01 20:44:15,637 - functions - INFO - [Memory after cleanup] Allocated: 36.18 MB, Reserved: 62.00 MB
2026-06-01 20:44:15,637 - functions - INFO - --------------------------------------------------
2026-06-01 20:45:13,577 - functions - INFO - [Memory before cleanup] Allocated: 54.62 MB, Reserved: 254.00 MB
2026-06-01 20:45:13,705 - functions - INFO - [Memory after cleanup] Allocated: 35.32 MB, Reserved: 62.00 MB
2026-06-01 20:45:13,705 - functions - INFO - --------------------------------------------------
2026-06-01 20:46:55,912 - functions - INFO - [Memory before cleanup] Allocated: 54.62 MB, Reserved: 252.00 MB
2026-06-01 20:46:56,041 - functions - INFO - [Memory after cleanup] Allocated: 35.92 MB, Reserved: 62.00 MB
2026-06-01 20:46:56,041 - functions - INFO - --------------------------------------------------
2026-06-01 20:46:56,044 - functions - INFO - Losses and parameters saved to /home/disi/NLU-RS-Project/NLU/part_A/results/part2a1/sweep_2026-06-01_19-03-57/hid_size=300_emb_size=500_lr=0.001/losses.json
2026-06-01 20:46:56,286 - functions - INFO - Loss plot successfully generated and saved to /home/disi/NLU-RS-Project/NLU/part_A/results/part2a1/sweep_2026-06-01_19-03-57/hid_size=300_emb_size=500_lr=0.001/loss_plot.png
2026-06-01 20:46:56,287 - functions - INFO - 
New best model found! Saving files to /home/disi/NLU-RS-Project/NLU/part_A/results/part2a1/sweep_2026-06-01_19-03-57/best_model...
2026-06-01 20:46:56,340 - functions - INFO - Model saved to /home/disi/NLU-RS-Project/NLU/part_A/results/part2a1/sweep_2026-06-01_19-03-57/best_model/model.pt
2026-06-01 20:46:56,341 - functions - INFO - Losses and parameters saved to /home/disi/NLU-RS-Project/NLU/part_A/results/part2a1/sweep_2026-06-01_19-03-57/best_model/losses.json
2026-06-01 20:46:56,587 - functions - INFO - Loss plot successfully generated and saved to /home/disi/NLU-RS-Project/NLU/part_A/results/part2a1/sweep_2026-06-01_19-03-57/best_model/loss_plot.png
2026-06-01 20:46:56,595 - functions - INFO - 
--- Trial 10 ---
2026-06-01 20:46:56,595 - functions - INFO - Testing params for Model IAS with bidirectionality: {'n_epochs': 100, 'runs': 5, 'patience_value': 5, 'hid_size': 200, 'emb_size': 350, 'optimizer': 'Adam', 'lr': 0.001, 'clip': 5.0, 'train_batch_size': 64, 'eval_batch_size': 128}
2026-06-01 20:49:07,104 - functions - INFO - [Memory before cleanup] Allocated: 36.35 MB, Reserved: 134.00 MB
2026-06-01 20:49:07,234 - functions - INFO - [Memory after cleanup] Allocated: 25.79 MB, Reserved: 64.00 MB
2026-06-01 20:49:07,234 - functions - INFO - --------------------------------------------------
2026-06-01 20:50:28,845 - functions - INFO - [Memory before cleanup] Allocated: 35.46 MB, Reserved: 136.00 MB
2026-06-01 20:50:28,975 - functions - INFO - [Memory after cleanup] Allocated: 25.85 MB, Reserved: 64.00 MB
2026-06-01 20:50:28,975 - functions - INFO - --------------------------------------------------
2026-06-01 20:52:46,984 - functions - INFO - [Memory before cleanup] Allocated: 38.19 MB, Reserved: 134.00 MB
2026-06-01 20:52:47,122 - functions - INFO - [Memory after cleanup] Allocated: 27.57 MB, Reserved: 64.00 MB
2026-06-01 20:52:47,122 - functions - INFO - --------------------------------------------------
2026-06-01 20:54:50,067 - functions - INFO - [Memory before cleanup] Allocated: 36.12 MB, Reserved: 134.00 MB
2026-06-01 20:54:50,201 - functions - INFO - [Memory after cleanup] Allocated: 26.09 MB, Reserved: 64.00 MB
2026-06-01 20:54:50,201 - functions - INFO - --------------------------------------------------
2026-06-01 20:56:25,951 - functions - INFO - [Memory before cleanup] Allocated: 35.32 MB, Reserved: 134.00 MB
2026-06-01 20:56:26,075 - functions - INFO - [Memory after cleanup] Allocated: 25.79 MB, Reserved: 64.00 MB
2026-06-01 20:56:26,075 - functions - INFO - --------------------------------------------------
2026-06-01 20:56:26,078 - functions - INFO - Losses and parameters saved to /home/disi/NLU-RS-Project/NLU/part_A/results/part2a1/sweep_2026-06-01_19-03-57/hid_size=200_emb_size=350_lr=0.001/losses.json
2026-06-01 20:56:26,321 - functions - INFO - Loss plot successfully generated and saved to /home/disi/NLU-RS-Project/NLU/part_A/results/part2a1/sweep_2026-06-01_19-03-57/hid_size=200_emb_size=350_lr=0.001/loss_plot.png
2026-06-01 20:56:26,326 - functions - INFO - 
--- Trial 11 ---
2026-06-01 20:56:26,327 - functions - INFO - Duplicate hyperparameters found: {'n_epochs': 100, 'runs': 5, 'patience_value': 5, 'hid_size': 250, 'emb_size': 350, 'optimizer': 'Adam', 'lr': 0.0002, 'clip': 5.0, 'train_batch_size': 64, 'eval_batch_size': 128}
2026-06-01 20:56:26,327 - functions - INFO - Rejecting this trial to force Optuna to explore new parameters
2026-06-01 20:56:26,334 - functions - INFO - 
--- Trial 12 ---
2026-06-01 20:56:26,334 - functions - INFO - Testing params for Model IAS with bidirectionality: {'n_epochs': 100, 'runs': 5, 'patience_value': 5, 'hid_size': 300, 'emb_size': 350, 'optimizer': 'Adam', 'lr': 0.0002, 'clip': 5.0, 'train_batch_size': 64, 'eval_batch_size': 128}
2026-06-01 20:57:53,606 - functions - INFO - [Memory before cleanup] Allocated: 46.27 MB, Reserved: 264.00 MB
2026-06-01 20:57:53,738 - functions - INFO - [Memory after cleanup] Allocated: 31.30 MB, Reserved: 62.00 MB
2026-06-01 20:57:53,739 - functions - INFO - --------------------------------------------------
2026-06-01 20:59:26,612 - functions - INFO - [Memory before cleanup] Allocated: 46.74 MB, Reserved: 266.00 MB
2026-06-01 20:59:26,744 - functions - INFO - [Memory after cleanup] Allocated: 31.77 MB, Reserved: 62.00 MB
2026-06-01 20:59:26,744 - functions - INFO - --------------------------------------------------
2026-06-01 21:01:54,006 - functions - INFO - [Memory before cleanup] Allocated: 47.00 MB, Reserved: 232.00 MB
2026-06-01 21:01:54,134 - functions - INFO - [Memory after cleanup] Allocated: 32.03 MB, Reserved: 62.00 MB
2026-06-01 21:01:54,135 - functions - INFO - --------------------------------------------------
2026-06-01 21:03:43,894 - functions - INFO - [Memory before cleanup] Allocated: 46.42 MB, Reserved: 266.00 MB
2026-06-01 21:03:44,025 - functions - INFO - [Memory after cleanup] Allocated: 31.30 MB, Reserved: 62.00 MB
2026-06-01 21:03:44,025 - functions - INFO - --------------------------------------------------
2026-06-01 21:05:19,711 - functions - INFO - [Memory before cleanup] Allocated: 46.84 MB, Reserved: 266.00 MB
2026-06-01 21:05:19,838 - functions - INFO - [Memory after cleanup] Allocated: 31.70 MB, Reserved: 62.00 MB
2026-06-01 21:05:19,838 - functions - INFO - --------------------------------------------------
2026-06-01 21:05:19,841 - functions - INFO - Losses and parameters saved to /home/disi/NLU-RS-Project/NLU/part_A/results/part2a1/sweep_2026-06-01_19-03-57/hid_size=300_emb_size=350_lr=0.0002/losses.json
2026-06-01 21:05:20,083 - functions - INFO - Loss plot successfully generated and saved to /home/disi/NLU-RS-Project/NLU/part_A/results/part2a1/sweep_2026-06-01_19-03-57/hid_size=300_emb_size=350_lr=0.0002/loss_plot.png
2026-06-01 21:05:20,093 - functions - INFO - 
--- Trial 13 ---
2026-06-01 21:05:20,093 - functions - INFO - Testing params for Model IAS with bidirectionality: {'n_epochs': 100, 'runs': 5, 'patience_value': 5, 'hid_size': 200, 'emb_size': 450, 'optimizer': 'Adam', 'lr': 3e-05, 'clip': 5.0, 'train_batch_size': 64, 'eval_batch_size': 128}
2026-06-01 21:07:38,411 - functions - INFO - [Memory before cleanup] Allocated: 39.79 MB, Reserved: 200.00 MB
2026-06-01 21:07:38,543 - functions - INFO - [Memory after cleanup] Allocated: 28.38 MB, Reserved: 64.00 MB
2026-06-01 21:07:38,543 - functions - INFO - --------------------------------------------------
2026-06-01 21:09:57,902 - functions - INFO - [Memory before cleanup] Allocated: 39.08 MB, Reserved: 200.00 MB
2026-06-01 21:09:58,041 - functions - INFO - [Memory after cleanup] Allocated: 27.67 MB, Reserved: 64.00 MB
2026-06-01 21:09:58,041 - functions - INFO - --------------------------------------------------
2026-06-01 21:12:15,941 - functions - INFO - [Memory before cleanup] Allocated: 39.31 MB, Reserved: 202.00 MB
2026-06-01 21:12:16,085 - functions - INFO - [Memory after cleanup] Allocated: 27.90 MB, Reserved: 64.00 MB
2026-06-01 21:12:16,085 - functions - INFO - --------------------------------------------------
2026-06-01 21:14:34,347 - functions - INFO - [Memory before cleanup] Allocated: 40.01 MB, Reserved: 200.00 MB
2026-06-01 21:14:34,493 - functions - INFO - [Memory after cleanup] Allocated: 27.79 MB, Reserved: 64.00 MB
2026-06-01 21:14:34,493 - functions - INFO - --------------------------------------------------
2026-06-01 21:16:54,339 - functions - INFO - [Memory before cleanup] Allocated: 40.34 MB, Reserved: 202.00 MB
2026-06-01 21:16:54,474 - functions - INFO - [Memory after cleanup] Allocated: 28.59 MB, Reserved: 64.00 MB
2026-06-01 21:16:54,474 - functions - INFO - --------------------------------------------------
2026-06-01 21:16:54,479 - functions - INFO - Losses and parameters saved to /home/disi/NLU-RS-Project/NLU/part_A/results/part2a1/sweep_2026-06-01_19-03-57/hid_size=200_emb_size=450_lr=3e-05/losses.json
2026-06-01 21:16:54,716 - functions - INFO - Loss plot successfully generated and saved to /home/disi/NLU-RS-Project/NLU/part_A/results/part2a1/sweep_2026-06-01_19-03-57/hid_size=200_emb_size=450_lr=3e-05/loss_plot.png
2026-06-01 21:16:54,725 - functions - INFO - 
--- Trial 14 ---
2026-06-01 21:16:54,725 - functions - INFO - Testing params for Model IAS with bidirectionality: {'n_epochs': 100, 'runs': 5, 'patience_value': 5, 'hid_size': 300, 'emb_size': 350, 'optimizer': 'Adam', 'lr': 0.0001, 'clip': 5.0, 'train_batch_size': 64, 'eval_batch_size': 128}
2026-06-01 21:19:05,854 - functions - INFO - [Memory before cleanup] Allocated: 47.51 MB, Reserved: 232.00 MB
2026-06-01 21:19:05,990 - functions - INFO - [Memory after cleanup] Allocated: 31.27 MB, Reserved: 62.00 MB
2026-06-01 21:19:05,991 - functions - INFO - --------------------------------------------------
2026-06-01 21:21:30,262 - functions - INFO - [Memory before cleanup] Allocated: 46.82 MB, Reserved: 266.00 MB
2026-06-01 21:21:30,391 - functions - INFO - [Memory after cleanup] Allocated: 31.85 MB, Reserved: 62.00 MB
2026-06-01 21:21:30,391 - functions - INFO - --------------------------------------------------
2026-06-01 21:23:54,597 - functions - INFO - [Memory before cleanup] Allocated: 47.26 MB, Reserved: 232.00 MB
2026-06-01 21:23:54,732 - functions - INFO - [Memory after cleanup] Allocated: 32.29 MB, Reserved: 62.00 MB
2026-06-01 21:23:54,732 - functions - INFO - --------------------------------------------------
2026-06-01 21:26:20,862 - functions - INFO - [Memory before cleanup] Allocated: 47.81 MB, Reserved: 266.00 MB
2026-06-01 21:26:20,998 - functions - INFO - [Memory after cleanup] Allocated: 31.93 MB, Reserved: 62.00 MB
2026-06-01 21:26:20,998 - functions - INFO - --------------------------------------------------
2026-06-01 21:28:45,294 - functions - INFO - [Memory before cleanup] Allocated: 48.04 MB, Reserved: 266.00 MB
2026-06-01 21:28:45,424 - functions - INFO - [Memory after cleanup] Allocated: 32.38 MB, Reserved: 62.00 MB
2026-06-01 21:28:45,424 - functions - INFO - --------------------------------------------------
2026-06-01 21:28:45,428 - functions - INFO - Losses and parameters saved to /home/disi/NLU-RS-Project/NLU/part_A/results/part2a1/sweep_2026-06-01_19-03-57/hid_size=300_emb_size=350_lr=0.0001/losses.json
2026-06-01 21:28:45,665 - functions - INFO - Loss plot successfully generated and saved to /home/disi/NLU-RS-Project/NLU/part_A/results/part2a1/sweep_2026-06-01_19-03-57/hid_size=300_emb_size=350_lr=0.0001/loss_plot.png
2026-06-01 21:28:45,675 - functions - INFO - 
--- Trial 15 ---
2026-06-01 21:28:45,675 - functions - INFO - Testing params for Model IAS with bidirectionality: {'n_epochs': 100, 'runs': 5, 'patience_value': 5, 'hid_size': 250, 'emb_size': 500, 'optimizer': 'Adam', 'lr': 2e-05, 'clip': 5.0, 'train_batch_size': 64, 'eval_batch_size': 128}
2026-06-01 21:31:07,036 - functions - INFO - [Memory before cleanup] Allocated: 47.34 MB, Reserved: 254.00 MB
2026-06-01 21:31:07,182 - functions - INFO - [Memory after cleanup] Allocated: 31.94 MB, Reserved: 66.00 MB
2026-06-01 21:31:07,182 - functions - INFO - --------------------------------------------------
2026-06-01 21:33:30,028 - functions - INFO - [Memory before cleanup] Allocated: 47.92 MB, Reserved: 256.00 MB
2026-06-01 21:33:30,167 - functions - INFO - [Memory after cleanup] Allocated: 32.54 MB, Reserved: 66.00 MB
2026-06-01 21:33:30,168 - functions - INFO - --------------------------------------------------
2026-06-01 21:35:51,368 - functions - INFO - [Memory before cleanup] Allocated: 48.97 MB, Reserved: 222.00 MB
2026-06-01 21:35:51,491 - functions - INFO - [Memory after cleanup] Allocated: 33.33 MB, Reserved: 66.00 MB
2026-06-01 21:35:51,492 - functions - INFO - --------------------------------------------------
2026-06-01 21:38:13,991 - functions - INFO - [Memory before cleanup] Allocated: 49.01 MB, Reserved: 256.00 MB
2026-06-01 21:38:14,125 - functions - INFO - [Memory after cleanup] Allocated: 33.64 MB, Reserved: 66.00 MB
2026-06-01 21:38:14,125 - functions - INFO - --------------------------------------------------
2026-06-01 21:40:35,775 - functions - INFO - [Memory before cleanup] Allocated: 49.23 MB, Reserved: 254.00 MB
2026-06-01 21:40:35,903 - functions - INFO - [Memory after cleanup] Allocated: 33.43 MB, Reserved: 66.00 MB
2026-06-01 21:40:35,903 - functions - INFO - --------------------------------------------------
2026-06-01 21:40:35,906 - functions - INFO - Losses and parameters saved to /home/disi/NLU-RS-Project/NLU/part_A/results/part2a1/sweep_2026-06-01_19-03-57/hid_size=250_emb_size=500_lr=2e-05/losses.json
2026-06-01 21:40:36,153 - functions - INFO - Loss plot successfully generated and saved to /home/disi/NLU-RS-Project/NLU/part_A/results/part2a1/sweep_2026-06-01_19-03-57/hid_size=250_emb_size=500_lr=2e-05/loss_plot.png
2026-06-01 21:40:36,162 - functions - INFO - 
--- Trial 16 ---
2026-06-01 21:40:36,163 - functions - INFO - Testing params for Model IAS with bidirectionality: {'n_epochs': 100, 'runs': 5, 'patience_value': 5, 'hid_size': 300, 'emb_size': 500, 'optimizer': 'Adam', 'lr': 0.0002, 'clip': 5.0, 'train_batch_size': 64, 'eval_batch_size': 128}
2026-06-01 21:43:02,739 - functions - INFO - [Memory before cleanup] Allocated: 54.78 MB, Reserved: 254.00 MB
2026-06-01 21:43:02,871 - functions - INFO - [Memory after cleanup] Allocated: 36.08 MB, Reserved: 62.00 MB
2026-06-01 21:43:02,871 - functions - INFO - --------------------------------------------------
2026-06-01 21:44:59,488 - functions - INFO - [Memory before cleanup] Allocated: 53.81 MB, Reserved: 290.00 MB
2026-06-01 21:44:59,615 - functions - INFO - [Memory after cleanup] Allocated: 35.11 MB, Reserved: 60.00 MB
2026-06-01 21:44:59,615 - functions - INFO - --------------------------------------------------
2026-06-01 21:47:26,687 - functions - INFO - [Memory before cleanup] Allocated: 55.80 MB, Reserved: 216.00 MB
2026-06-01 21:47:26,823 - functions - INFO - [Memory after cleanup] Allocated: 36.70 MB, Reserved: 62.00 MB
2026-06-01 21:47:26,823 - functions - INFO - --------------------------------------------------
2026-06-01 21:48:54,706 - functions - INFO - [Memory before cleanup] Allocated: 53.67 MB, Reserved: 230.00 MB
2026-06-01 21:48:54,824 - functions - INFO - [Memory after cleanup] Allocated: 34.96 MB, Reserved: 62.00 MB
2026-06-01 21:48:54,825 - functions - INFO - --------------------------------------------------
2026-06-01 21:51:13,483 - functions - INFO - [Memory before cleanup] Allocated: 54.68 MB, Reserved: 252.00 MB
2026-06-01 21:51:13,607 - functions - INFO - [Memory after cleanup] Allocated: 35.97 MB, Reserved: 62.00 MB
2026-06-01 21:51:13,608 - functions - INFO - --------------------------------------------------
2026-06-01 21:51:13,615 - functions - INFO - Losses and parameters saved to /home/disi/NLU-RS-Project/NLU/part_A/results/part2a1/sweep_2026-06-01_19-03-57/hid_size=300_emb_size=500_lr=0.0002/losses.json
2026-06-01 21:51:13,853 - functions - INFO - Loss plot successfully generated and saved to /home/disi/NLU-RS-Project/NLU/part_A/results/part2a1/sweep_2026-06-01_19-03-57/hid_size=300_emb_size=500_lr=0.0002/loss_plot.png
2026-06-01 21:51:13,863 - functions - INFO - 
--- Trial 17 ---
2026-06-01 21:51:13,863 - functions - INFO - Testing params for Model IAS with bidirectionality: {'n_epochs': 100, 'runs': 5, 'patience_value': 5, 'hid_size': 250, 'emb_size': 350, 'optimizer': 'Adam', 'lr': 0.001, 'clip': 5.0, 'train_batch_size': 64, 'eval_batch_size': 128}
2026-06-01 21:53:20,686 - functions - INFO - [Memory before cleanup] Allocated: 40.61 MB, Reserved: 216.00 MB
2026-06-01 21:53:20,813 - functions - INFO - [Memory after cleanup] Allocated: 28.52 MB, Reserved: 66.00 MB
2026-06-01 21:53:20,814 - functions - INFO - --------------------------------------------------
2026-06-01 21:55:26,592 - functions - INFO - [Memory before cleanup] Allocated: 41.92 MB, Reserved: 216.00 MB
2026-06-01 21:55:26,720 - functions - INFO - [Memory after cleanup] Allocated: 29.15 MB, Reserved: 66.00 MB
2026-06-01 21:55:26,720 - functions - INFO - --------------------------------------------------
2026-06-01 21:56:22,576 - functions - INFO - [Memory before cleanup] Allocated: 42.58 MB, Reserved: 216.00 MB
2026-06-01 21:56:22,704 - functions - INFO - [Memory after cleanup] Allocated: 30.48 MB, Reserved: 66.00 MB
2026-06-01 21:56:22,704 - functions - INFO - --------------------------------------------------
2026-06-01 21:58:41,291 - functions - INFO - [Memory before cleanup] Allocated: 40.61 MB, Reserved: 218.00 MB
2026-06-01 21:58:41,423 - functions - INFO - [Memory after cleanup] Allocated: 28.52 MB, Reserved: 66.00 MB
2026-06-01 21:58:41,423 - functions - INFO - --------------------------------------------------
2026-06-01 22:00:13,008 - functions - INFO - [Memory before cleanup] Allocated: 40.74 MB, Reserved: 216.00 MB
2026-06-01 22:00:13,134 - functions - INFO - [Memory after cleanup] Allocated: 28.64 MB, Reserved: 64.00 MB
2026-06-01 22:00:13,134 - functions - INFO - --------------------------------------------------
2026-06-01 22:00:13,137 - functions - INFO - Losses and parameters saved to /home/disi/NLU-RS-Project/NLU/part_A/results/part2a1/sweep_2026-06-01_19-03-57/hid_size=250_emb_size=350_lr=0.001/losses.json
2026-06-01 22:00:13,377 - functions - INFO - Loss plot successfully generated and saved to /home/disi/NLU-RS-Project/NLU/part_A/results/part2a1/sweep_2026-06-01_19-03-57/hid_size=250_emb_size=350_lr=0.001/loss_plot.png
2026-06-01 22:00:13,387 - functions - INFO - 
--- Trial 18 ---
2026-06-01 22:00:13,388 - functions - INFO - Testing params for Model IAS with bidirectionality: {'n_epochs': 100, 'runs': 5, 'patience_value': 5, 'hid_size': 400, 'emb_size': 450, 'optimizer': 'Adam', 'lr': 0.0001, 'clip': 5.0, 'train_batch_size': 64, 'eval_batch_size': 128}
2026-06-01 22:02:47,377 - functions - INFO - [Memory before cleanup] Allocated: 66.22 MB, Reserved: 312.00 MB
2026-06-01 22:02:47,505 - functions - INFO - [Memory after cleanup] Allocated: 41.49 MB, Reserved: 62.00 MB
2026-06-01 22:02:47,505 - functions - INFO - --------------------------------------------------
2026-06-01 22:05:13,206 - functions - INFO - [Memory before cleanup] Allocated: 65.74 MB, Reserved: 302.00 MB
2026-06-01 22:05:13,336 - functions - INFO - [Memory after cleanup] Allocated: 40.98 MB, Reserved: 62.00 MB
2026-06-01 22:05:13,336 - functions - INFO - --------------------------------------------------
2026-06-01 22:07:09,313 - functions - INFO - [Memory before cleanup] Allocated: 66.27 MB, Reserved: 338.00 MB
2026-06-01 22:07:09,437 - functions - INFO - [Memory after cleanup] Allocated: 41.42 MB, Reserved: 62.00 MB
2026-06-01 22:07:09,437 - functions - INFO - --------------------------------------------------
2026-06-01 22:09:44,138 - functions - INFO - [Memory before cleanup] Allocated: 66.27 MB, Reserved: 338.00 MB
2026-06-01 22:09:44,275 - functions - INFO - [Memory after cleanup] Allocated: 41.42 MB, Reserved: 64.00 MB
2026-06-01 22:09:44,275 - functions - INFO - --------------------------------------------------
2026-06-01 22:12:17,469 - functions - INFO - [Memory before cleanup] Allocated: 66.27 MB, Reserved: 338.00 MB
2026-06-01 22:12:17,592 - functions - INFO - [Memory after cleanup] Allocated: 41.42 MB, Reserved: 64.00 MB
2026-06-01 22:12:17,593 - functions - INFO - --------------------------------------------------
2026-06-01 22:12:17,598 - functions - INFO - Losses and parameters saved to /home/disi/NLU-RS-Project/NLU/part_A/results/part2a1/sweep_2026-06-01_19-03-57/hid_size=400_emb_size=450_lr=0.0001/losses.json
2026-06-01 22:12:17,820 - functions - INFO - Loss plot successfully generated and saved to /home/disi/NLU-RS-Project/NLU/part_A/results/part2a1/sweep_2026-06-01_19-03-57/hid_size=400_emb_size=450_lr=0.0001/loss_plot.png
2026-06-01 22:12:17,830 - functions - INFO - 
--- Trial 19 ---
2026-06-01 22:12:17,830 - functions - INFO - Testing params for Model IAS with bidirectionality: {'n_epochs': 100, 'runs': 5, 'patience_value': 5, 'hid_size': 350, 'emb_size': 300, 'optimizer': 'Adam', 'lr': 3e-05, 'clip': 5.0, 'train_batch_size': 64, 'eval_batch_size': 128}
2026-06-01 22:14:45,939 - functions - INFO - [Memory before cleanup] Allocated: 50.68 MB, Reserved: 246.00 MB
2026-06-01 22:14:46,066 - functions - INFO - [Memory after cleanup] Allocated: 33.93 MB, Reserved: 64.00 MB
2026-06-01 22:14:46,066 - functions - INFO - --------------------------------------------------
2026-06-01 22:17:14,303 - functions - INFO - [Memory before cleanup] Allocated: 50.77 MB, Reserved: 248.00 MB
2026-06-01 22:17:14,429 - functions - INFO - [Memory after cleanup] Allocated: 34.02 MB, Reserved: 66.00 MB
2026-06-01 22:17:14,429 - functions - INFO - --------------------------------------------------
2026-06-01 22:19:42,652 - functions - INFO - [Memory before cleanup] Allocated: 50.99 MB, Reserved: 266.00 MB
2026-06-01 22:19:42,777 - functions - INFO - [Memory after cleanup] Allocated: 34.24 MB, Reserved: 66.00 MB
2026-06-01 22:19:42,777 - functions - INFO - --------------------------------------------------
2026-06-01 22:22:11,853 - functions - INFO - [Memory before cleanup] Allocated: 50.75 MB, Reserved: 284.00 MB
2026-06-01 22:22:11,972 - functions - INFO - [Memory after cleanup] Allocated: 34.00 MB, Reserved: 64.00 MB
2026-06-01 22:22:11,973 - functions - INFO - --------------------------------------------------
2026-06-01 22:24:39,561 - functions - INFO - [Memory before cleanup] Allocated: 50.75 MB, Reserved: 284.00 MB
2026-06-01 22:24:39,685 - functions - INFO - [Memory after cleanup] Allocated: 34.00 MB, Reserved: 64.00 MB
2026-06-01 22:24:39,685 - functions - INFO - --------------------------------------------------
2026-06-01 22:24:39,689 - functions - INFO - Losses and parameters saved to /home/disi/NLU-RS-Project/NLU/part_A/results/part2a1/sweep_2026-06-01_19-03-57/hid_size=350_emb_size=300_lr=3e-05/losses.json
2026-06-01 22:24:39,915 - functions - INFO - Loss plot successfully generated and saved to /home/disi/NLU-RS-Project/NLU/part_A/results/part2a1/sweep_2026-06-01_19-03-57/hid_size=350_emb_size=300_lr=3e-05/loss_plot.png
2026-06-01 22:24:39,925 - functions - INFO - 
--- Trial 20 ---
2026-06-01 22:24:39,925 - functions - INFO - Testing params for Model IAS with bidirectionality: {'n_epochs': 100, 'runs': 5, 'patience_value': 5, 'hid_size': 200, 'emb_size': 400, 'optimizer': 'Adam', 'lr': 1e-05, 'clip': 5.0, 'train_batch_size': 64, 'eval_batch_size': 128}
2026-06-01 22:25:20,725 - functions - INFO - [Memory before cleanup] Allocated: 38.36 MB, Reserved: 164.00 MB
2026-06-01 22:25:20,854 - functions - INFO - [Memory after cleanup] Allocated: 27.89 MB, Reserved: 64.00 MB
2026-06-01 22:25:20,854 - functions - INFO - --------------------------------------------------
2026-06-01 22:26:02,962 - functions - INFO - [Memory before cleanup] Allocated: 37.20 MB, Reserved: 134.00 MB
2026-06-01 22:26:03,100 - functions - INFO - [Memory after cleanup] Allocated: 26.73 MB, Reserved: 64.00 MB
2026-06-01 22:26:03,100 - functions - INFO - --------------------------------------------------
2026-06-01 22:26:44,976 - functions - INFO - [Memory before cleanup] Allocated: 38.17 MB, Reserved: 164.00 MB
2026-06-01 22:26:45,122 - functions - INFO - [Memory after cleanup] Allocated: 27.70 MB, Reserved: 64.00 MB
2026-06-01 22:26:45,122 - functions - INFO - --------------------------------------------------
2026-06-01 22:27:26,626 - functions - INFO - [Memory before cleanup] Allocated: 37.20 MB, Reserved: 164.00 MB
2026-06-01 22:27:26,749 - functions - INFO - [Memory after cleanup] Allocated: 26.73 MB, Reserved: 64.00 MB
2026-06-01 22:27:26,749 - functions - INFO - --------------------------------------------------
2026-06-01 22:28:09,040 - functions - INFO - [Memory before cleanup] Allocated: 38.42 MB, Reserved: 164.00 MB
2026-06-01 22:28:09,167 - functions - INFO - [Memory after cleanup] Allocated: 27.55 MB, Reserved: 64.00 MB
2026-06-01 22:28:09,167 - functions - INFO - --------------------------------------------------
2026-06-01 22:28:09,170 - functions - INFO - Losses and parameters saved to /home/disi/NLU-RS-Project/NLU/part_A/results/part2a1/sweep_2026-06-01_19-03-57/hid_size=200_emb_size=400_lr=1e-05/losses.json
2026-06-01 22:28:09,393 - functions - INFO - Loss plot successfully generated and saved to /home/disi/NLU-RS-Project/NLU/part_A/results/part2a1/sweep_2026-06-01_19-03-57/hid_size=200_emb_size=400_lr=1e-05/loss_plot.png
2026-06-01 22:28:09,396 - functions - INFO - 
================ SWEEP COMPLETE ================
2026-06-01 22:28:09,396 - functions - INFO - Best hyperparameters found:
2026-06-01 22:28:09,396 - functions - INFO -   hid_size: 300
2026-06-01 22:28:09,396 - functions - INFO -   emb_size: 500
2026-06-01 22:28:09,396 - functions - INFO -   lr: 0.001
2026-06-01 22:28:09,396 - functions - INFO - Best validation Dev F1: 0.9798
2026-06-01 22:28:09,396 - functions - INFO - Best model and plots have been saved to: /home/disi/NLU-RS-Project/NLU/part_A/results/part2a1/sweep_2026-06-01_19-03-57/best_model
