2026-06-01 15:15:08,546 - __main__ - INFO - 
================ STARTING PIPELINE ================
2026-06-01 15:15:10,119 - functions - INFO - 
================ RUNNING OPTUNA SWEEP ================
2026-06-01 15:15:10,119 - functions - INFO - Varying parameters for folder naming: ['hid_size', 'emb_size', 'lr']
2026-06-01 15:15:10,119 - functions - INFO - Large search space detected (225 max combinations). Using Smart TPE Search for 20 trials.
2026-06-01 15:15:10,120 - functions - INFO - 
Searching for 20 unique hyperparameter combinations...
2026-06-01 15:15:10,131 - functions - INFO - 
--- Trial 0 ---
2026-06-01 15:15:10,131 - functions - INFO - Testing params for Baseline Model IAS: {'n_epochs': 200, 'runs': 5, 'patience_value': 5, 'hid_size': 250, 'emb_size': 400, 'optimizer': 'Adam', 'lr': 0.0002, 'clip': 5.0, 'train_batch_size': 64, 'eval_batch_size': 128}
2026-06-01 15:18:08,466 - functions - INFO - [Memory before cleanup] Allocated: 33.04 MB, Reserved: 98.00 MB
2026-06-01 15:18:08,610 - functions - INFO - [Memory after cleanup] Allocated: 24.91 MB, Reserved: 40.00 MB
2026-06-01 15:18:08,610 - functions - INFO - --------------------------------------------------
2026-06-01 15:20:27,299 - functions - INFO - [Memory before cleanup] Allocated: 33.04 MB, Reserved: 106.00 MB
2026-06-01 15:20:27,430 - functions - INFO - [Memory after cleanup] Allocated: 24.25 MB, Reserved: 40.00 MB
2026-06-01 15:20:27,430 - functions - INFO - --------------------------------------------------
2026-06-01 15:23:16,069 - functions - INFO - [Memory before cleanup] Allocated: 32.27 MB, Reserved: 108.00 MB
2026-06-01 15:23:16,205 - functions - INFO - [Memory after cleanup] Allocated: 24.17 MB, Reserved: 40.00 MB
2026-06-01 15:23:16,205 - functions - INFO - --------------------------------------------------
2026-06-01 15:25:10,970 - functions - INFO - [Memory before cleanup] Allocated: 32.68 MB, Reserved: 106.00 MB
2026-06-01 15:25:11,111 - functions - INFO - [Memory after cleanup] Allocated: 24.17 MB, Reserved: 38.00 MB
2026-06-01 15:25:11,111 - functions - INFO - --------------------------------------------------
2026-06-01 15:26:55,574 - functions - INFO - [Memory before cleanup] Allocated: 34.10 MB, Reserved: 108.00 MB
2026-06-01 15:26:55,703 - functions - INFO - [Memory after cleanup] Allocated: 25.13 MB, Reserved: 38.00 MB
2026-06-01 15:26:55,703 - functions - INFO - --------------------------------------------------
2026-06-01 15:26:55,714 - functions - INFO - Losses and parameters saved to /home/disi/NLU-RS-Project/NLU/part_A/results/part2a0/sweep_2026-06-01_15-15-08/hid_size=250_emb_size=400_lr=0.0002/losses.json
2026-06-01 15:26:56,117 - functions - INFO - Loss plot successfully generated and saved to /home/disi/NLU-RS-Project/NLU/part_A/results/part2a0/sweep_2026-06-01_15-15-08/hid_size=250_emb_size=400_lr=0.0002/loss_plot.png
2026-06-01 15:26:56,117 - functions - INFO - 
New best model found! Saving files to /home/disi/NLU-RS-Project/NLU/part_A/results/part2a0/sweep_2026-06-01_15-15-08/best_model...
2026-06-01 15:26:56,124 - functions - INFO - Model saved to /home/disi/NLU-RS-Project/NLU/part_A/results/part2a0/sweep_2026-06-01_15-15-08/best_model/model.pt
2026-06-01 15:26:56,124 - functions - INFO - Losses and parameters saved to /home/disi/NLU-RS-Project/NLU/part_A/results/part2a0/sweep_2026-06-01_15-15-08/best_model/losses.json
2026-06-01 15:26:56,386 - functions - INFO - Loss plot successfully generated and saved to /home/disi/NLU-RS-Project/NLU/part_A/results/part2a0/sweep_2026-06-01_15-15-08/best_model/loss_plot.png
2026-06-01 15:26:56,393 - functions - INFO - 
--- Trial 1 ---
2026-06-01 15:26:56,393 - functions - INFO - Testing params for Baseline Model IAS: {'n_epochs': 200, 'runs': 5, 'patience_value': 5, 'hid_size': 200, 'emb_size': 300, 'optimizer': 'Adam', 'lr': 0.0005, 'clip': 5.0, 'train_batch_size': 64, 'eval_batch_size': 128}
2026-06-01 15:28:20,760 - functions - INFO - [Memory before cleanup] Allocated: 26.83 MB, Reserved: 78.00 MB
2026-06-01 15:28:20,891 - functions - INFO - [Memory after cleanup] Allocated: 21.54 MB, Reserved: 42.00 MB
2026-06-01 15:28:20,891 - functions - INFO - --------------------------------------------------
2026-06-01 15:29:50,335 - functions - INFO - [Memory before cleanup] Allocated: 26.91 MB, Reserved: 92.00 MB
2026-06-01 15:29:50,456 - functions - INFO - [Memory after cleanup] Allocated: 21.54 MB, Reserved: 44.00 MB
2026-06-01 15:29:50,456 - functions - INFO - --------------------------------------------------
2026-06-01 15:31:14,896 - functions - INFO - [Memory before cleanup] Allocated: 26.83 MB, Reserved: 80.00 MB
2026-06-01 15:31:15,043 - functions - INFO - [Memory after cleanup] Allocated: 21.54 MB, Reserved: 44.00 MB
2026-06-01 15:31:15,043 - functions - INFO - --------------------------------------------------
2026-06-01 15:32:29,126 - functions - INFO - [Memory before cleanup] Allocated: 26.83 MB, Reserved: 78.00 MB
2026-06-01 15:32:29,258 - functions - INFO - [Memory after cleanup] Allocated: 21.54 MB, Reserved: 44.00 MB
2026-06-01 15:32:29,258 - functions - INFO - --------------------------------------------------
2026-06-01 15:34:35,832 - functions - INFO - [Memory before cleanup] Allocated: 26.83 MB, Reserved: 92.00 MB
2026-06-01 15:34:35,960 - functions - INFO - [Memory after cleanup] Allocated: 21.54 MB, Reserved: 44.00 MB
2026-06-01 15:34:35,960 - functions - INFO - --------------------------------------------------
2026-06-01 15:34:35,963 - functions - INFO - Losses and parameters saved to /home/disi/NLU-RS-Project/NLU/part_A/results/part2a0/sweep_2026-06-01_15-15-08/hid_size=200_emb_size=300_lr=0.0005/losses.json
2026-06-01 15:34:36,202 - functions - INFO - Loss plot successfully generated and saved to /home/disi/NLU-RS-Project/NLU/part_A/results/part2a0/sweep_2026-06-01_15-15-08/hid_size=200_emb_size=300_lr=0.0005/loss_plot.png
2026-06-01 15:34:36,209 - functions - INFO - 
--- Trial 2 ---
2026-06-01 15:34:36,209 - functions - INFO - Testing params for Baseline Model IAS: {'n_epochs': 200, 'runs': 5, 'patience_value': 5, 'hid_size': 350, 'emb_size': 300, 'optimizer': 'Adam', 'lr': 0.0003, 'clip': 5.0, 'train_batch_size': 64, 'eval_batch_size': 128}
2026-06-01 15:36:04,219 - functions - INFO - [Memory before cleanup] Allocated: 34.99 MB, Reserved: 122.00 MB
2026-06-01 15:36:04,352 - functions - INFO - [Memory after cleanup] Allocated: 25.62 MB, Reserved: 42.00 MB
2026-06-01 15:36:04,352 - functions - INFO - --------------------------------------------------
2026-06-01 15:38:43,863 - functions - INFO - [Memory before cleanup] Allocated: 35.78 MB, Reserved: 102.00 MB
2026-06-01 15:38:43,997 - functions - INFO - [Memory after cleanup] Allocated: 26.41 MB, Reserved: 40.00 MB
2026-06-01 15:38:43,997 - functions - INFO - --------------------------------------------------
2026-06-01 15:40:44,042 - functions - INFO - [Memory before cleanup] Allocated: 35.36 MB, Reserved: 104.00 MB
2026-06-01 15:40:44,170 - functions - INFO - [Memory after cleanup] Allocated: 26.00 MB, Reserved: 40.00 MB
2026-06-01 15:40:44,170 - functions - INFO - --------------------------------------------------
2026-06-01 15:43:06,853 - functions - INFO - [Memory before cleanup] Allocated: 35.35 MB, Reserved: 106.00 MB
2026-06-01 15:43:06,985 - functions - INFO - [Memory after cleanup] Allocated: 25.62 MB, Reserved: 42.00 MB
2026-06-01 15:43:06,986 - functions - INFO - --------------------------------------------------
2026-06-01 15:44:40,027 - functions - INFO - [Memory before cleanup] Allocated: 36.04 MB, Reserved: 108.00 MB
2026-06-01 15:44:40,161 - functions - INFO - [Memory after cleanup] Allocated: 26.68 MB, Reserved: 40.00 MB
2026-06-01 15:44:40,161 - functions - INFO - --------------------------------------------------
2026-06-01 15:44:40,164 - functions - INFO - Losses and parameters saved to /home/disi/NLU-RS-Project/NLU/part_A/results/part2a0/sweep_2026-06-01_15-15-08/hid_size=350_emb_size=300_lr=0.0003/losses.json
2026-06-01 15:44:40,408 - functions - INFO - Loss plot successfully generated and saved to /home/disi/NLU-RS-Project/NLU/part_A/results/part2a0/sweep_2026-06-01_15-15-08/hid_size=350_emb_size=300_lr=0.0003/loss_plot.png
2026-06-01 15:44:40,414 - functions - INFO - 
--- Trial 3 ---
2026-06-01 15:44:40,414 - functions - INFO - Testing params for Baseline Model IAS: {'n_epochs': 200, 'runs': 5, 'patience_value': 5, 'hid_size': 400, 'emb_size': 450, 'optimizer': 'Adam', 'lr': 0.0003, 'clip': 5.0, 'train_batch_size': 64, 'eval_batch_size': 128}
2026-06-01 15:47:04,365 - functions - INFO - [Memory before cleanup] Allocated: 44.44 MB, Reserved: 152.00 MB
2026-06-01 15:47:04,491 - functions - INFO - [Memory after cleanup] Allocated: 30.43 MB, Reserved: 58.00 MB
2026-06-01 15:47:04,491 - functions - INFO - --------------------------------------------------
2026-06-01 15:49:41,046 - functions - INFO - [Memory before cleanup] Allocated: 44.14 MB, Reserved: 152.00 MB
2026-06-01 15:49:41,178 - functions - INFO - [Memory after cleanup] Allocated: 30.13 MB, Reserved: 56.00 MB
2026-06-01 15:49:41,178 - functions - INFO - --------------------------------------------------
2026-06-01 15:51:16,962 - functions - INFO - [Memory before cleanup] Allocated: 44.08 MB, Reserved: 152.00 MB
2026-06-01 15:51:17,094 - functions - INFO - [Memory after cleanup] Allocated: 30.13 MB, Reserved: 58.00 MB
2026-06-01 15:51:17,094 - functions - INFO - --------------------------------------------------
2026-06-01 15:52:34,523 - functions - INFO - [Memory before cleanup] Allocated: 45.08 MB, Reserved: 150.00 MB
2026-06-01 15:52:34,652 - functions - INFO - [Memory after cleanup] Allocated: 31.07 MB, Reserved: 58.00 MB
2026-06-01 15:52:34,653 - functions - INFO - --------------------------------------------------
2026-06-01 15:54:15,019 - functions - INFO - [Memory before cleanup] Allocated: 44.61 MB, Reserved: 152.00 MB
2026-06-01 15:54:15,155 - functions - INFO - [Memory after cleanup] Allocated: 30.75 MB, Reserved: 56.00 MB
2026-06-01 15:54:15,156 - functions - INFO - --------------------------------------------------
2026-06-01 15:54:15,160 - functions - INFO - Losses and parameters saved to /home/disi/NLU-RS-Project/NLU/part_A/results/part2a0/sweep_2026-06-01_15-15-08/hid_size=400_emb_size=450_lr=0.0003/losses.json
2026-06-01 15:54:15,422 - functions - INFO - Loss plot successfully generated and saved to /home/disi/NLU-RS-Project/NLU/part_A/results/part2a0/sweep_2026-06-01_15-15-08/hid_size=400_emb_size=450_lr=0.0003/loss_plot.png
2026-06-01 15:54:15,423 - functions - INFO - 
New best model found! Saving files to /home/disi/NLU-RS-Project/NLU/part_A/results/part2a0/sweep_2026-06-01_15-15-08/best_model...
2026-06-01 15:54:15,433 - functions - INFO - Model saved to /home/disi/NLU-RS-Project/NLU/part_A/results/part2a0/sweep_2026-06-01_15-15-08/best_model/model.pt
2026-06-01 15:54:15,434 - functions - INFO - Losses and parameters saved to /home/disi/NLU-RS-Project/NLU/part_A/results/part2a0/sweep_2026-06-01_15-15-08/best_model/losses.json
2026-06-01 15:54:15,696 - functions - INFO - Loss plot successfully generated and saved to /home/disi/NLU-RS-Project/NLU/part_A/results/part2a0/sweep_2026-06-01_15-15-08/best_model/loss_plot.png
2026-06-01 15:54:15,702 - functions - INFO - 
--- Trial 4 ---
2026-06-01 15:54:15,702 - functions - INFO - Testing params for Baseline Model IAS: {'n_epochs': 200, 'runs': 5, 'patience_value': 5, 'hid_size': 250, 'emb_size': 500, 'optimizer': 'Adam', 'lr': 5e-05, 'clip': 5.0, 'train_batch_size': 64, 'eval_batch_size': 128}
2026-06-01 15:57:48,595 - functions - INFO - [Memory before cleanup] Allocated: 36.16 MB, Reserved: 102.00 MB
2026-06-01 15:57:48,726 - functions - INFO - [Memory after cleanup] Allocated: 26.51 MB, Reserved: 58.00 MB
2026-06-01 15:57:48,727 - functions - INFO - --------------------------------------------------
2026-06-01 16:01:23,788 - functions - INFO - [Memory before cleanup] Allocated: 34.94 MB, Reserved: 100.00 MB
2026-06-01 16:01:23,914 - functions - INFO - [Memory after cleanup] Allocated: 25.59 MB, Reserved: 60.00 MB
2026-06-01 16:01:23,914 - functions - INFO - --------------------------------------------------
2026-06-01 16:04:58,301 - functions - INFO - [Memory before cleanup] Allocated: 36.53 MB, Reserved: 104.00 MB
2026-06-01 16:04:58,435 - functions - INFO - [Memory after cleanup] Allocated: 26.69 MB, Reserved: 40.00 MB
2026-06-01 16:04:58,435 - functions - INFO - --------------------------------------------------
2026-06-01 16:08:35,340 - functions - INFO - [Memory before cleanup] Allocated: 36.53 MB, Reserved: 98.00 MB
2026-06-01 16:08:35,474 - functions - INFO - [Memory after cleanup] Allocated: 26.69 MB, Reserved: 40.00 MB
2026-06-01 16:08:35,474 - functions - INFO - --------------------------------------------------
2026-06-01 16:12:12,742 - functions - INFO - [Memory before cleanup] Allocated: 36.53 MB, Reserved: 98.00 MB
2026-06-01 16:12:12,869 - functions - INFO - [Memory after cleanup] Allocated: 26.69 MB, Reserved: 40.00 MB
2026-06-01 16:12:12,869 - functions - INFO - --------------------------------------------------
2026-06-01 16:12:12,873 - functions - INFO - Losses and parameters saved to /home/disi/NLU-RS-Project/NLU/part_A/results/part2a0/sweep_2026-06-01_15-15-08/hid_size=250_emb_size=500_lr=5e-05/losses.json
2026-06-01 16:12:13,156 - functions - INFO - Loss plot successfully generated and saved to /home/disi/NLU-RS-Project/NLU/part_A/results/part2a0/sweep_2026-06-01_15-15-08/hid_size=250_emb_size=500_lr=5e-05/loss_plot.png
2026-06-01 16:12:13,162 - functions - INFO - 
--- Trial 5 ---
2026-06-01 16:12:13,163 - functions - INFO - Testing params for Baseline Model IAS: {'n_epochs': 200, 'runs': 5, 'patience_value': 5, 'hid_size': 350, 'emb_size': 500, 'optimizer': 'Adam', 'lr': 5e-05, 'clip': 5.0, 'train_batch_size': 64, 'eval_batch_size': 128}
2026-06-01 16:15:55,225 - functions - INFO - [Memory before cleanup] Allocated: 44.82 MB, Reserved: 146.00 MB
2026-06-01 16:15:55,350 - functions - INFO - [Memory after cleanup] Allocated: 31.69 MB, Reserved: 56.00 MB
2026-06-01 16:15:55,351 - functions - INFO - --------------------------------------------------
2026-06-01 16:19:37,395 - functions - INFO - [Memory before cleanup] Allocated: 43.60 MB, Reserved: 146.00 MB
2026-06-01 16:19:37,527 - functions - INFO - [Memory after cleanup] Allocated: 30.78 MB, Reserved: 56.00 MB
2026-06-01 16:19:37,527 - functions - INFO - --------------------------------------------------
2026-06-01 16:23:06,397 - functions - INFO - [Memory before cleanup] Allocated: 43.38 MB, Reserved: 146.00 MB
2026-06-01 16:23:06,531 - functions - INFO - [Memory after cleanup] Allocated: 30.56 MB, Reserved: 58.00 MB
2026-06-01 16:23:06,531 - functions - INFO - --------------------------------------------------
2026-06-01 16:26:49,374 - functions - INFO - [Memory before cleanup] Allocated: 43.19 MB, Reserved: 146.00 MB
2026-06-01 16:26:49,501 - functions - INFO - [Memory after cleanup] Allocated: 29.92 MB, Reserved: 60.00 MB
2026-06-01 16:26:49,501 - functions - INFO - --------------------------------------------------
2026-06-01 16:30:07,840 - functions - INFO - [Memory before cleanup] Allocated: 43.95 MB, Reserved: 146.00 MB
2026-06-01 16:30:07,968 - functions - INFO - [Memory after cleanup] Allocated: 30.21 MB, Reserved: 58.00 MB
2026-06-01 16:30:07,968 - functions - INFO - --------------------------------------------------
2026-06-01 16:30:07,974 - functions - INFO - Losses and parameters saved to /home/disi/NLU-RS-Project/NLU/part_A/results/part2a0/sweep_2026-06-01_15-15-08/hid_size=350_emb_size=500_lr=5e-05/losses.json
2026-06-01 16:30:08,227 - functions - INFO - Loss plot successfully generated and saved to /home/disi/NLU-RS-Project/NLU/part_A/results/part2a0/sweep_2026-06-01_15-15-08/hid_size=350_emb_size=500_lr=5e-05/loss_plot.png
2026-06-01 16:30:08,233 - functions - INFO - 
--- Trial 6 ---
2026-06-01 16:30:08,233 - functions - INFO - Testing params for Baseline Model IAS: {'n_epochs': 200, 'runs': 5, 'patience_value': 5, 'hid_size': 400, 'emb_size': 400, 'optimizer': 'Adam', 'lr': 1e-05, 'clip': 5.0, 'train_batch_size': 64, 'eval_batch_size': 128}
2026-06-01 16:30:42,502 - functions - INFO - [Memory before cleanup] Allocated: 44.33 MB, Reserved: 128.00 MB
2026-06-01 16:30:42,632 - functions - INFO - [Memory after cleanup] Allocated: 30.63 MB, Reserved: 58.00 MB
2026-06-01 16:30:42,632 - functions - INFO - --------------------------------------------------
2026-06-01 16:31:16,439 - functions - INFO - [Memory before cleanup] Allocated: 42.85 MB, Reserved: 144.00 MB
2026-06-01 16:31:16,567 - functions - INFO - [Memory after cleanup] Allocated: 29.94 MB, Reserved: 58.00 MB
2026-06-01 16:31:16,567 - functions - INFO - --------------------------------------------------
2026-06-01 16:31:49,438 - functions - INFO - [Memory before cleanup] Allocated: 42.67 MB, Reserved: 126.00 MB
2026-06-01 16:31:49,563 - functions - INFO - [Memory after cleanup] Allocated: 29.62 MB, Reserved: 56.00 MB
2026-06-01 16:31:49,564 - functions - INFO - --------------------------------------------------
2026-06-01 16:32:23,543 - functions - INFO - [Memory before cleanup] Allocated: 43.20 MB, Reserved: 126.00 MB
2026-06-01 16:32:23,678 - functions - INFO - [Memory after cleanup] Allocated: 29.17 MB, Reserved: 56.00 MB
2026-06-01 16:32:23,678 - functions - INFO - --------------------------------------------------
2026-06-01 16:36:04,911 - functions - INFO - [Memory before cleanup] Allocated: 43.11 MB, Reserved: 126.00 MB
2026-06-01 16:36:05,049 - functions - INFO - [Memory after cleanup] Allocated: 29.96 MB, Reserved: 58.00 MB
2026-06-01 16:36:05,050 - functions - INFO - --------------------------------------------------
2026-06-01 16:36:05,054 - functions - INFO - Losses and parameters saved to /home/disi/NLU-RS-Project/NLU/part_A/results/part2a0/sweep_2026-06-01_15-15-08/hid_size=400_emb_size=400_lr=1e-05/losses.json
2026-06-01 16:36:05,309 - functions - INFO - Loss plot successfully generated and saved to /home/disi/NLU-RS-Project/NLU/part_A/results/part2a0/sweep_2026-06-01_15-15-08/hid_size=400_emb_size=400_lr=1e-05/loss_plot.png
2026-06-01 16:36:05,316 - functions - INFO - 
--- Trial 7 ---
2026-06-01 16:36:05,316 - functions - INFO - Testing params for Baseline Model IAS: {'n_epochs': 200, 'runs': 5, 'patience_value': 5, 'hid_size': 400, 'emb_size': 300, 'optimizer': 'Adam', 'lr': 0.0005, 'clip': 5.0, 'train_batch_size': 64, 'eval_batch_size': 128}
2026-06-01 16:37:33,162 - functions - INFO - [Memory before cleanup] Allocated: 38.32 MB, Reserved: 108.00 MB
2026-06-01 16:37:33,284 - functions - INFO - [Memory after cleanup] Allocated: 27.28 MB, Reserved: 40.00 MB
2026-06-01 16:37:33,284 - functions - INFO - --------------------------------------------------
2026-06-01 16:38:44,959 - functions - INFO - [Memory before cleanup] Allocated: 38.32 MB, Reserved: 106.00 MB
2026-06-01 16:38:45,093 - functions - INFO - [Memory after cleanup] Allocated: 27.28 MB, Reserved: 42.00 MB
2026-06-01 16:38:45,093 - functions - INFO - --------------------------------------------------
2026-06-01 16:40:35,767 - functions - INFO - [Memory before cleanup] Allocated: 38.32 MB, Reserved: 106.00 MB
2026-06-01 16:40:35,894 - functions - INFO - [Memory after cleanup] Allocated: 27.28 MB, Reserved: 42.00 MB
2026-06-01 16:40:35,894 - functions - INFO - --------------------------------------------------
2026-06-01 16:41:43,092 - functions - INFO - [Memory before cleanup] Allocated: 38.32 MB, Reserved: 106.00 MB
2026-06-01 16:41:43,225 - functions - INFO - [Memory after cleanup] Allocated: 27.28 MB, Reserved: 42.00 MB
2026-06-01 16:41:43,225 - functions - INFO - --------------------------------------------------
2026-06-01 16:43:38,856 - functions - INFO - [Memory before cleanup] Allocated: 39.31 MB, Reserved: 124.00 MB
2026-06-01 16:43:38,989 - functions - INFO - [Memory after cleanup] Allocated: 28.28 MB, Reserved: 40.00 MB
2026-06-01 16:43:38,989 - functions - INFO - --------------------------------------------------
2026-06-01 16:43:38,993 - functions - INFO - Losses and parameters saved to /home/disi/NLU-RS-Project/NLU/part_A/results/part2a0/sweep_2026-06-01_15-15-08/hid_size=400_emb_size=300_lr=0.0005/losses.json
2026-06-01 16:43:39,237 - functions - INFO - Loss plot successfully generated and saved to /home/disi/NLU-RS-Project/NLU/part_A/results/part2a0/sweep_2026-06-01_15-15-08/hid_size=400_emb_size=300_lr=0.0005/loss_plot.png
2026-06-01 16:43:39,243 - functions - INFO - 
--- Trial 8 ---
2026-06-01 16:43:39,243 - functions - INFO - Testing params for Baseline Model IAS: {'n_epochs': 200, 'runs': 5, 'patience_value': 5, 'hid_size': 300, 'emb_size': 450, 'optimizer': 'Adam', 'lr': 1e-05, 'clip': 5.0, 'train_batch_size': 64, 'eval_batch_size': 128}
2026-06-01 16:44:12,973 - functions - INFO - [Memory before cleanup] Allocated: 37.75 MB, Reserved: 110.00 MB
2026-06-01 16:44:13,100 - functions - INFO - [Memory after cleanup] Allocated: 26.74 MB, Reserved: 54.00 MB
2026-06-01 16:44:13,100 - functions - INFO - --------------------------------------------------
2026-06-01 16:44:46,985 - functions - INFO - [Memory before cleanup] Allocated: 38.97 MB, Reserved: 110.00 MB
2026-06-01 16:44:47,120 - functions - INFO - [Memory after cleanup] Allocated: 28.23 MB, Reserved: 54.00 MB
2026-06-01 16:44:47,120 - functions - INFO - --------------------------------------------------
2026-06-01 16:48:22,967 - functions - INFO - [Memory before cleanup] Allocated: 38.53 MB, Reserved: 110.00 MB
2026-06-01 16:48:23,102 - functions - INFO - [Memory after cleanup] Allocated: 28.23 MB, Reserved: 54.00 MB
2026-06-01 16:48:23,102 - functions - INFO - --------------------------------------------------
2026-06-01 16:48:55,856 - functions - INFO - [Memory before cleanup] Allocated: 38.69 MB, Reserved: 110.00 MB
2026-06-01 16:48:55,989 - functions - INFO - [Memory after cleanup] Allocated: 28.23 MB, Reserved: 52.00 MB
2026-06-01 16:48:55,989 - functions - INFO - --------------------------------------------------
2026-06-01 16:49:28,870 - functions - INFO - [Memory before cleanup] Allocated: 38.56 MB, Reserved: 112.00 MB
2026-06-01 16:49:29,008 - functions - INFO - [Memory after cleanup] Allocated: 28.23 MB, Reserved: 56.00 MB
2026-06-01 16:49:29,008 - functions - INFO - --------------------------------------------------
2026-06-01 16:49:29,012 - functions - INFO - Losses and parameters saved to /home/disi/NLU-RS-Project/NLU/part_A/results/part2a0/sweep_2026-06-01_15-15-08/hid_size=300_emb_size=450_lr=1e-05/losses.json
2026-06-01 16:49:29,272 - functions - INFO - Loss plot successfully generated and saved to /home/disi/NLU-RS-Project/NLU/part_A/results/part2a0/sweep_2026-06-01_15-15-08/hid_size=300_emb_size=450_lr=1e-05/loss_plot.png
2026-06-01 16:49:29,279 - functions - INFO - 
--- Trial 9 ---
2026-06-01 16:49:29,279 - functions - INFO - Testing params for Baseline Model IAS: {'n_epochs': 200, 'runs': 5, 'patience_value': 5, 'hid_size': 400, 'emb_size': 300, 'optimizer': 'Adam', 'lr': 1e-05, 'clip': 5.0, 'train_batch_size': 64, 'eval_batch_size': 128}
2026-06-01 16:50:02,501 - functions - INFO - [Memory before cleanup] Allocated: 38.32 MB, Reserved: 122.00 MB
2026-06-01 16:50:02,630 - functions - INFO - [Memory after cleanup] Allocated: 27.28 MB, Reserved: 42.00 MB
2026-06-01 16:50:02,630 - functions - INFO - --------------------------------------------------
2026-06-01 16:50:35,007 - functions - INFO - [Memory before cleanup] Allocated: 39.31 MB, Reserved: 124.00 MB
2026-06-01 16:50:35,142 - functions - INFO - [Memory after cleanup] Allocated: 28.28 MB, Reserved: 42.00 MB
2026-06-01 16:50:35,143 - functions - INFO - --------------------------------------------------
2026-06-01 16:51:08,531 - functions - INFO - [Memory before cleanup] Allocated: 39.80 MB, Reserved: 108.00 MB
2026-06-01 16:51:08,657 - functions - INFO - [Memory after cleanup] Allocated: 28.77 MB, Reserved: 40.00 MB
2026-06-01 16:51:08,657 - functions - INFO - --------------------------------------------------
2026-06-01 16:51:42,084 - functions - INFO - [Memory before cleanup] Allocated: 38.32 MB, Reserved: 108.00 MB
2026-06-01 16:51:42,208 - functions - INFO - [Memory after cleanup] Allocated: 27.28 MB, Reserved: 62.00 MB
2026-06-01 16:51:42,208 - functions - INFO - --------------------------------------------------
2026-06-01 16:52:15,624 - functions - INFO - [Memory before cleanup] Allocated: 39.57 MB, Reserved: 108.00 MB
2026-06-01 16:52:15,755 - functions - INFO - [Memory after cleanup] Allocated: 28.54 MB, Reserved: 42.00 MB
2026-06-01 16:52:15,755 - functions - INFO - --------------------------------------------------
2026-06-01 16:52:15,758 - functions - INFO - Losses and parameters saved to /home/disi/NLU-RS-Project/NLU/part_A/results/part2a0/sweep_2026-06-01_15-15-08/hid_size=400_emb_size=300_lr=1e-05/losses.json
2026-06-01 16:52:15,984 - functions - INFO - Loss plot successfully generated and saved to /home/disi/NLU-RS-Project/NLU/part_A/results/part2a0/sweep_2026-06-01_15-15-08/hid_size=400_emb_size=300_lr=1e-05/loss_plot.png
2026-06-01 16:52:15,995 - functions - INFO - 
--- Trial 10 ---
2026-06-01 16:52:15,996 - functions - INFO - Testing params for Baseline Model IAS: {'n_epochs': 200, 'runs': 5, 'patience_value': 5, 'hid_size': 200, 'emb_size': 450, 'optimizer': 'Adam', 'lr': 0.0001, 'clip': 5.0, 'train_batch_size': 64, 'eval_batch_size': 128}
2026-06-01 16:54:38,777 - functions - INFO - [Memory before cleanup] Allocated: 30.64 MB, Reserved: 88.00 MB
2026-06-01 16:54:38,900 - functions - INFO - [Memory after cleanup] Allocated: 23.45 MB, Reserved: 38.00 MB
2026-06-01 16:54:38,900 - functions - INFO - --------------------------------------------------
2026-06-01 16:56:57,115 - functions - INFO - [Memory before cleanup] Allocated: 30.64 MB, Reserved: 88.00 MB
2026-06-01 16:56:57,242 - functions - INFO - [Memory after cleanup] Allocated: 23.45 MB, Reserved: 36.00 MB
2026-06-01 16:56:57,242 - functions - INFO - --------------------------------------------------
2026-06-01 16:59:19,832 - functions - INFO - [Memory before cleanup] Allocated: 30.73 MB, Reserved: 88.00 MB
2026-06-01 16:59:19,958 - functions - INFO - [Memory after cleanup] Allocated: 23.45 MB, Reserved: 38.00 MB
2026-06-01 16:59:19,959 - functions - INFO - --------------------------------------------------
2026-06-01 17:02:38,063 - functions - INFO - [Memory before cleanup] Allocated: 31.27 MB, Reserved: 78.00 MB
2026-06-01 17:02:38,195 - functions - INFO - [Memory after cleanup] Allocated: 23.63 MB, Reserved: 38.00 MB
2026-06-01 17:02:38,195 - functions - INFO - --------------------------------------------------
2026-06-01 17:05:37,875 - functions - INFO - [Memory before cleanup] Allocated: 31.56 MB, Reserved: 94.00 MB
2026-06-01 17:05:38,016 - functions - INFO - [Memory after cleanup] Allocated: 24.36 MB, Reserved: 38.00 MB
2026-06-01 17:05:38,016 - functions - INFO - --------------------------------------------------
2026-06-01 17:05:38,021 - functions - INFO - Losses and parameters saved to /home/disi/NLU-RS-Project/NLU/part_A/results/part2a0/sweep_2026-06-01_15-15-08/hid_size=200_emb_size=450_lr=0.0001/losses.json
2026-06-01 17:05:38,290 - functions - INFO - Loss plot successfully generated and saved to /home/disi/NLU-RS-Project/NLU/part_A/results/part2a0/sweep_2026-06-01_15-15-08/hid_size=200_emb_size=450_lr=0.0001/loss_plot.png
2026-06-01 17:05:38,299 - functions - INFO - 
--- Trial 11 ---
2026-06-01 17:05:38,299 - functions - INFO - Testing params for Baseline Model IAS: {'n_epochs': 200, 'runs': 5, 'patience_value': 5, 'hid_size': 400, 'emb_size': 350, 'optimizer': 'Adam', 'lr': 0.0005, 'clip': 5.0, 'train_batch_size': 64, 'eval_batch_size': 128}
2026-06-01 17:07:41,013 - functions - INFO - [Memory before cleanup] Allocated: 40.47 MB, Reserved: 142.00 MB
2026-06-01 17:07:41,150 - functions - INFO - [Memory after cleanup] Allocated: 28.49 MB, Reserved: 58.00 MB
2026-06-01 17:07:41,151 - functions - INFO - --------------------------------------------------
2026-06-01 17:09:04,890 - functions - INFO - [Memory before cleanup] Allocated: 40.47 MB, Reserved: 124.00 MB
2026-06-01 17:09:05,036 - functions - INFO - [Memory after cleanup] Allocated: 28.49 MB, Reserved: 56.00 MB
2026-06-01 17:09:05,036 - functions - INFO - --------------------------------------------------
2026-06-01 17:11:14,527 - functions - INFO - [Memory before cleanup] Allocated: 41.98 MB, Reserved: 124.00 MB
2026-06-01 17:11:14,660 - functions - INFO - [Memory after cleanup] Allocated: 29.01 MB, Reserved: 56.00 MB
2026-06-01 17:11:14,660 - functions - INFO - --------------------------------------------------
2026-06-01 17:13:10,569 - functions - INFO - [Memory before cleanup] Allocated: 41.16 MB, Reserved: 142.00 MB
2026-06-01 17:13:10,703 - functions - INFO - [Memory after cleanup] Allocated: 29.19 MB, Reserved: 56.00 MB
2026-06-01 17:13:10,703 - functions - INFO - --------------------------------------------------
2026-06-01 17:15:06,066 - functions - INFO - [Memory before cleanup] Allocated: 42.13 MB, Reserved: 124.00 MB
2026-06-01 17:15:06,197 - functions - INFO - [Memory after cleanup] Allocated: 29.47 MB, Reserved: 58.00 MB
2026-06-01 17:15:06,198 - functions - INFO - --------------------------------------------------
2026-06-01 17:15:06,201 - functions - INFO - Losses and parameters saved to /home/disi/NLU-RS-Project/NLU/part_A/results/part2a0/sweep_2026-06-01_15-15-08/hid_size=400_emb_size=350_lr=0.0005/losses.json
2026-06-01 17:15:06,450 - functions - INFO - Loss plot successfully generated and saved to /home/disi/NLU-RS-Project/NLU/part_A/results/part2a0/sweep_2026-06-01_15-15-08/hid_size=400_emb_size=350_lr=0.0005/loss_plot.png
2026-06-01 17:15:06,451 - functions - INFO - 
New best model found! Saving files to /home/disi/NLU-RS-Project/NLU/part_A/results/part2a0/sweep_2026-06-01_15-15-08/best_model...
2026-06-01 17:15:06,461 - functions - INFO - Model saved to /home/disi/NLU-RS-Project/NLU/part_A/results/part2a0/sweep_2026-06-01_15-15-08/best_model/model.pt
2026-06-01 17:15:06,462 - functions - INFO - Losses and parameters saved to /home/disi/NLU-RS-Project/NLU/part_A/results/part2a0/sweep_2026-06-01_15-15-08/best_model/losses.json
2026-06-01 17:15:06,705 - functions - INFO - Loss plot successfully generated and saved to /home/disi/NLU-RS-Project/NLU/part_A/results/part2a0/sweep_2026-06-01_15-15-08/best_model/loss_plot.png
2026-06-01 17:15:06,714 - functions - INFO - 
--- Trial 12 ---
2026-06-01 17:15:06,715 - functions - INFO - Testing params for Baseline Model IAS: {'n_epochs': 200, 'runs': 5, 'patience_value': 5, 'hid_size': 400, 'emb_size': 350, 'optimizer': 'Adam', 'lr': 0.0003, 'clip': 5.0, 'train_batch_size': 64, 'eval_batch_size': 128}
2026-06-01 17:17:23,235 - functions - INFO - [Memory before cleanup] Allocated: 41.52 MB, Reserved: 142.00 MB
2026-06-01 17:17:23,368 - functions - INFO - [Memory after cleanup] Allocated: 28.79 MB, Reserved: 56.00 MB
2026-06-01 17:17:23,368 - functions - INFO - --------------------------------------------------
2026-06-01 17:19:19,975 - functions - INFO - [Memory before cleanup] Allocated: 41.11 MB, Reserved: 142.00 MB
2026-06-01 17:19:20,116 - functions - INFO - [Memory after cleanup] Allocated: 28.49 MB, Reserved: 56.00 MB
2026-06-01 17:19:20,116 - functions - INFO - --------------------------------------------------
2026-06-01 17:21:05,306 - functions - INFO - [Memory before cleanup] Allocated: 40.98 MB, Reserved: 124.00 MB
2026-06-01 17:21:05,430 - functions - INFO - [Memory after cleanup] Allocated: 29.00 MB, Reserved: 56.00 MB
2026-06-01 17:21:05,431 - functions - INFO - --------------------------------------------------
2026-06-01 17:22:56,880 - functions - INFO - [Memory before cleanup] Allocated: 40.59 MB, Reserved: 142.00 MB
2026-06-01 17:22:57,024 - functions - INFO - [Memory after cleanup] Allocated: 28.52 MB, Reserved: 56.00 MB
2026-06-01 17:22:57,024 - functions - INFO - --------------------------------------------------
2026-06-01 17:25:11,690 - functions - INFO - [Memory before cleanup] Allocated: 40.87 MB, Reserved: 142.00 MB
2026-06-01 17:25:11,829 - functions - INFO - [Memory after cleanup] Allocated: 28.77 MB, Reserved: 56.00 MB
2026-06-01 17:25:11,829 - functions - INFO - --------------------------------------------------
2026-06-01 17:25:11,833 - functions - INFO - Losses and parameters saved to /home/disi/NLU-RS-Project/NLU/part_A/results/part2a0/sweep_2026-06-01_15-15-08/hid_size=400_emb_size=350_lr=0.0003/losses.json
2026-06-01 17:25:12,064 - functions - INFO - Loss plot successfully generated and saved to /home/disi/NLU-RS-Project/NLU/part_A/results/part2a0/sweep_2026-06-01_15-15-08/hid_size=400_emb_size=350_lr=0.0003/loss_plot.png
2026-06-01 17:25:12,074 - functions - INFO - 
--- Trial 13 ---
2026-06-01 17:25:12,074 - functions - INFO - Testing params for Baseline Model IAS: {'n_epochs': 200, 'runs': 5, 'patience_value': 5, 'hid_size': 400, 'emb_size': 350, 'optimizer': 'Adam', 'lr': 0.001, 'clip': 5.0, 'train_batch_size': 64, 'eval_batch_size': 128}
2026-06-01 17:27:09,201 - functions - INFO - [Memory before cleanup] Allocated: 41.63 MB, Reserved: 142.00 MB
2026-06-01 17:27:09,328 - functions - INFO - [Memory after cleanup] Allocated: 29.05 MB, Reserved: 56.00 MB
2026-06-01 17:27:09,328 - functions - INFO - --------------------------------------------------
2026-06-01 17:28:33,830 - functions - INFO - [Memory before cleanup] Allocated: 42.86 MB, Reserved: 124.00 MB
2026-06-01 17:28:33,961 - functions - INFO - [Memory after cleanup] Allocated: 30.04 MB, Reserved: 56.00 MB
2026-06-01 17:28:33,961 - functions - INFO - --------------------------------------------------
2026-06-01 17:30:13,472 - functions - INFO - [Memory before cleanup] Allocated: 41.04 MB, Reserved: 142.00 MB
2026-06-01 17:30:13,603 - functions - INFO - [Memory after cleanup] Allocated: 28.49 MB, Reserved: 54.00 MB
2026-06-01 17:30:13,603 - functions - INFO - --------------------------------------------------
2026-06-01 17:31:33,246 - functions - INFO - [Memory before cleanup] Allocated: 40.94 MB, Reserved: 124.00 MB
2026-06-01 17:31:33,392 - functions - INFO - [Memory after cleanup] Allocated: 28.84 MB, Reserved: 58.00 MB
2026-06-01 17:31:33,393 - functions - INFO - --------------------------------------------------
2026-06-01 17:32:22,173 - functions - INFO - [Memory before cleanup] Allocated: 40.33 MB, Reserved: 124.00 MB
2026-06-01 17:32:22,329 - functions - INFO - [Memory after cleanup] Allocated: 28.35 MB, Reserved: 58.00 MB
2026-06-01 17:32:22,329 - functions - INFO - --------------------------------------------------
2026-06-01 17:32:22,338 - functions - INFO - Losses and parameters saved to /home/disi/NLU-RS-Project/NLU/part_A/results/part2a0/sweep_2026-06-01_15-15-08/hid_size=400_emb_size=350_lr=0.001/losses.json
2026-06-01 17:32:22,653 - functions - INFO - Loss plot successfully generated and saved to /home/disi/NLU-RS-Project/NLU/part_A/results/part2a0/sweep_2026-06-01_15-15-08/hid_size=400_emb_size=350_lr=0.001/loss_plot.png
2026-06-01 17:32:22,663 - functions - INFO - 
--- Trial 14 ---
2026-06-01 17:32:22,663 - functions - INFO - Testing params for Baseline Model IAS: {'n_epochs': 200, 'runs': 5, 'patience_value': 5, 'hid_size': 300, 'emb_size': 350, 'optimizer': 'Adam', 'lr': 2e-05, 'clip': 5.0, 'train_batch_size': 64, 'eval_batch_size': 128}
2026-06-01 17:36:06,156 - functions - INFO - [Memory before cleanup] Allocated: 34.74 MB, Reserved: 104.00 MB
2026-06-01 17:36:06,278 - functions - INFO - [Memory after cleanup] Allocated: 25.52 MB, Reserved: 40.00 MB
2026-06-01 17:36:06,278 - functions - INFO - --------------------------------------------------
2026-06-01 17:39:42,883 - functions - INFO - [Memory before cleanup] Allocated: 34.74 MB, Reserved: 96.00 MB
2026-06-01 17:39:43,026 - functions - INFO - [Memory after cleanup] Allocated: 25.88 MB, Reserved: 38.00 MB
2026-06-01 17:39:43,026 - functions - INFO - --------------------------------------------------
2026-06-01 17:43:19,846 - functions - INFO - [Memory before cleanup] Allocated: 34.48 MB, Reserved: 96.00 MB
2026-06-01 17:43:19,972 - functions - INFO - [Memory after cleanup] Allocated: 25.83 MB, Reserved: 56.00 MB
2026-06-01 17:43:19,972 - functions - INFO - --------------------------------------------------
2026-06-01 17:46:56,989 - functions - INFO - [Memory before cleanup] Allocated: 35.10 MB, Reserved: 96.00 MB
2026-06-01 17:46:57,128 - functions - INFO - [Memory after cleanup] Allocated: 25.86 MB, Reserved: 38.00 MB
2026-06-01 17:46:57,128 - functions - INFO - --------------------------------------------------
2026-06-01 17:50:36,235 - functions - INFO - [Memory before cleanup] Allocated: 34.74 MB, Reserved: 104.00 MB
2026-06-01 17:50:36,366 - functions - INFO - [Memory after cleanup] Allocated: 25.70 MB, Reserved: 38.00 MB
2026-06-01 17:50:36,367 - functions - INFO - --------------------------------------------------
2026-06-01 17:50:36,372 - functions - INFO - Losses and parameters saved to /home/disi/NLU-RS-Project/NLU/part_A/results/part2a0/sweep_2026-06-01_15-15-08/hid_size=300_emb_size=350_lr=2e-05/losses.json
2026-06-01 17:50:36,610 - functions - INFO - Loss plot successfully generated and saved to /home/disi/NLU-RS-Project/NLU/part_A/results/part2a0/sweep_2026-06-01_15-15-08/hid_size=300_emb_size=350_lr=2e-05/loss_plot.png
2026-06-01 17:50:36,620 - functions - INFO - 
--- Trial 15 ---
2026-06-01 17:50:36,620 - functions - INFO - Testing params for Baseline Model IAS: {'n_epochs': 200, 'runs': 5, 'patience_value': 5, 'hid_size': 400, 'emb_size': 350, 'optimizer': 'Adam', 'lr': 3e-05, 'clip': 5.0, 'train_batch_size': 64, 'eval_batch_size': 128}
2026-06-01 17:54:19,958 - functions - INFO - [Memory before cleanup] Allocated: 41.67 MB, Reserved: 124.00 MB
2026-06-01 17:54:20,090 - functions - INFO - [Memory after cleanup] Allocated: 29.05 MB, Reserved: 56.00 MB
2026-06-01 17:54:20,091 - functions - INFO - --------------------------------------------------
2026-06-01 17:58:01,569 - functions - INFO - [Memory before cleanup] Allocated: 40.77 MB, Reserved: 142.00 MB
2026-06-01 17:58:01,691 - functions - INFO - [Memory after cleanup] Allocated: 28.73 MB, Reserved: 56.00 MB
2026-06-01 17:58:01,691 - functions - INFO - --------------------------------------------------
2026-06-01 18:01:44,341 - functions - INFO - [Memory before cleanup] Allocated: 42.02 MB, Reserved: 142.00 MB
2026-06-01 18:01:44,474 - functions - INFO - [Memory after cleanup] Allocated: 29.55 MB, Reserved: 56.00 MB
2026-06-01 18:01:44,474 - functions - INFO - --------------------------------------------------
2026-06-01 18:05:25,369 - functions - INFO - [Memory before cleanup] Allocated: 40.47 MB, Reserved: 142.00 MB
2026-06-01 18:05:25,497 - functions - INFO - [Memory after cleanup] Allocated: 28.49 MB, Reserved: 56.00 MB
2026-06-01 18:05:25,497 - functions - INFO - --------------------------------------------------
2026-06-01 18:09:05,745 - functions - INFO - [Memory before cleanup] Allocated: 40.47 MB, Reserved: 142.00 MB
2026-06-01 18:09:05,875 - functions - INFO - [Memory after cleanup] Allocated: 28.49 MB, Reserved: 56.00 MB
2026-06-01 18:09:05,875 - functions - INFO - --------------------------------------------------
2026-06-01 18:09:05,879 - functions - INFO - Losses and parameters saved to /home/disi/NLU-RS-Project/NLU/part_A/results/part2a0/sweep_2026-06-01_15-15-08/hid_size=400_emb_size=350_lr=3e-05/losses.json
2026-06-01 18:09:06,141 - functions - INFO - Loss plot successfully generated and saved to /home/disi/NLU-RS-Project/NLU/part_A/results/part2a0/sweep_2026-06-01_15-15-08/hid_size=400_emb_size=350_lr=3e-05/loss_plot.png
2026-06-01 18:09:06,147 - functions - INFO - 
--- Trial 16 ---
2026-06-01 18:09:06,147 - functions - INFO - Duplicate hyperparameters found: {'n_epochs': 200, 'runs': 5, 'patience_value': 5, 'hid_size': 400, 'emb_size': 350, 'optimizer': 'Adam', 'lr': 0.0003, 'clip': 5.0, 'train_batch_size': 64, 'eval_batch_size': 128}
2026-06-01 18:09:06,147 - functions - INFO - Rejecting this trial to force Optuna to explore new parameters
2026-06-01 18:09:06,152 - functions - INFO - 
--- Trial 17 ---
2026-06-01 18:09:06,152 - functions - INFO - Duplicate hyperparameters found: {'n_epochs': 200, 'runs': 5, 'patience_value': 5, 'hid_size': 400, 'emb_size': 350, 'optimizer': 'Adam', 'lr': 0.0005, 'clip': 5.0, 'train_batch_size': 64, 'eval_batch_size': 128}
2026-06-01 18:09:06,152 - functions - INFO - Rejecting this trial to force Optuna to explore new parameters
2026-06-01 18:09:06,162 - functions - INFO - 
--- Trial 18 ---
2026-06-01 18:09:06,162 - functions - INFO - Testing params for Baseline Model IAS: {'n_epochs': 200, 'runs': 5, 'patience_value': 5, 'hid_size': 200, 'emb_size': 350, 'optimizer': 'Adam', 'lr': 2e-05, 'clip': 5.0, 'train_batch_size': 64, 'eval_batch_size': 128}
2026-06-01 18:09:38,019 - functions - INFO - [Memory before cleanup] Allocated: 29.10 MB, Reserved: 76.00 MB
2026-06-01 18:09:38,160 - functions - INFO - [Memory after cleanup] Allocated: 22.90 MB, Reserved: 38.00 MB
2026-06-01 18:09:38,160 - functions - INFO - --------------------------------------------------
2026-06-01 18:10:10,164 - functions - INFO - [Memory before cleanup] Allocated: 30.34 MB, Reserved: 78.00 MB
2026-06-01 18:10:10,288 - functions - INFO - [Memory after cleanup] Allocated: 22.18 MB, Reserved: 38.00 MB
2026-06-01 18:10:10,289 - functions - INFO - --------------------------------------------------
2026-06-01 18:10:41,347 - functions - INFO - [Memory before cleanup] Allocated: 28.58 MB, Reserved: 90.00 MB
2026-06-01 18:10:41,472 - functions - INFO - [Memory after cleanup] Allocated: 22.58 MB, Reserved: 38.00 MB
2026-06-01 18:10:41,472 - functions - INFO - --------------------------------------------------
2026-06-01 18:11:12,533 - functions - INFO - [Memory before cleanup] Allocated: 29.38 MB, Reserved: 78.00 MB
2026-06-01 18:11:12,666 - functions - INFO - [Memory after cleanup] Allocated: 23.07 MB, Reserved: 36.00 MB
2026-06-01 18:11:12,666 - functions - INFO - --------------------------------------------------
2026-06-01 18:14:43,183 - functions - INFO - [Memory before cleanup] Allocated: 29.42 MB, Reserved: 78.00 MB
2026-06-01 18:14:43,310 - functions - INFO - [Memory after cleanup] Allocated: 23.07 MB, Reserved: 38.00 MB
2026-06-01 18:14:43,310 - functions - INFO - --------------------------------------------------
2026-06-01 18:14:43,315 - functions - INFO - Losses and parameters saved to /home/disi/NLU-RS-Project/NLU/part_A/results/part2a0/sweep_2026-06-01_15-15-08/hid_size=200_emb_size=350_lr=2e-05/losses.json
2026-06-01 18:14:43,561 - functions - INFO - Loss plot successfully generated and saved to /home/disi/NLU-RS-Project/NLU/part_A/results/part2a0/sweep_2026-06-01_15-15-08/hid_size=200_emb_size=350_lr=2e-05/loss_plot.png
2026-06-01 18:14:43,571 - functions - INFO - 
--- Trial 19 ---
2026-06-01 18:14:43,572 - functions - INFO - Testing params for Baseline Model IAS: {'n_epochs': 200, 'runs': 5, 'patience_value': 5, 'hid_size': 300, 'emb_size': 350, 'optimizer': 'Adam', 'lr': 0.0002, 'clip': 5.0, 'train_batch_size': 64, 'eval_batch_size': 128}
2026-06-01 18:17:08,690 - functions - INFO - [Memory before cleanup] Allocated: 34.74 MB, Reserved: 98.00 MB
2026-06-01 18:17:08,822 - functions - INFO - [Memory after cleanup] Allocated: 26.10 MB, Reserved: 38.00 MB
2026-06-01 18:17:08,822 - functions - INFO - --------------------------------------------------
2026-06-01 18:18:56,343 - functions - INFO - [Memory before cleanup] Allocated: 34.74 MB, Reserved: 98.00 MB
2026-06-01 18:18:56,468 - functions - INFO - [Memory after cleanup] Allocated: 26.07 MB, Reserved: 40.00 MB
2026-06-01 18:18:56,468 - functions - INFO - --------------------------------------------------
2026-06-01 18:21:22,760 - functions - INFO - [Memory before cleanup] Allocated: 35.06 MB, Reserved: 98.00 MB
2026-06-01 18:21:22,894 - functions - INFO - [Memory after cleanup] Allocated: 25.85 MB, Reserved: 38.00 MB
2026-06-01 18:21:22,895 - functions - INFO - --------------------------------------------------
2026-06-01 18:24:23,409 - functions - INFO - [Memory before cleanup] Allocated: 34.74 MB, Reserved: 100.00 MB
2026-06-01 18:24:23,543 - functions - INFO - [Memory after cleanup] Allocated: 25.26 MB, Reserved: 40.00 MB
2026-06-01 18:24:23,543 - functions - INFO - --------------------------------------------------
2026-06-01 18:25:57,116 - functions - INFO - [Memory before cleanup] Allocated: 34.40 MB, Reserved: 112.00 MB
2026-06-01 18:25:57,244 - functions - INFO - [Memory after cleanup] Allocated: 25.72 MB, Reserved: 56.00 MB
2026-06-01 18:25:57,244 - functions - INFO - --------------------------------------------------
2026-06-01 18:25:57,248 - functions - INFO - Losses and parameters saved to /home/disi/NLU-RS-Project/NLU/part_A/results/part2a0/sweep_2026-06-01_15-15-08/hid_size=300_emb_size=350_lr=0.0002/losses.json
2026-06-01 18:25:57,528 - functions - INFO - Loss plot successfully generated and saved to /home/disi/NLU-RS-Project/NLU/part_A/results/part2a0/sweep_2026-06-01_15-15-08/hid_size=300_emb_size=350_lr=0.0002/loss_plot.png
2026-06-01 18:25:57,538 - functions - INFO - 
--- Trial 20 ---
2026-06-01 18:25:57,538 - functions - INFO - Testing params for Baseline Model IAS: {'n_epochs': 200, 'runs': 5, 'patience_value': 5, 'hid_size': 350, 'emb_size': 350, 'optimizer': 'Adam', 'lr': 0.001, 'clip': 5.0, 'train_batch_size': 64, 'eval_batch_size': 128}
2026-06-01 18:27:20,074 - functions - INFO - [Memory before cleanup] Allocated: 38.39 MB, Reserved: 118.00 MB
2026-06-01 18:27:20,209 - functions - INFO - [Memory after cleanup] Allocated: 27.30 MB, Reserved: 36.00 MB
2026-06-01 18:27:20,210 - functions - INFO - --------------------------------------------------
2026-06-01 18:28:42,226 - functions - INFO - [Memory before cleanup] Allocated: 37.66 MB, Reserved: 104.00 MB
2026-06-01 18:28:42,359 - functions - INFO - [Memory after cleanup] Allocated: 27.43 MB, Reserved: 58.00 MB
2026-06-01 18:28:42,359 - functions - INFO - --------------------------------------------------
2026-06-01 18:29:43,477 - functions - INFO - [Memory before cleanup] Allocated: 38.60 MB, Reserved: 124.00 MB
2026-06-01 18:29:43,606 - functions - INFO - [Memory after cleanup] Allocated: 28.15 MB, Reserved: 58.00 MB
2026-06-01 18:29:43,606 - functions - INFO - --------------------------------------------------
2026-06-01 18:30:44,353 - functions - INFO - [Memory before cleanup] Allocated: 38.63 MB, Reserved: 104.00 MB
2026-06-01 18:30:44,494 - functions - INFO - [Memory after cleanup] Allocated: 27.24 MB, Reserved: 58.00 MB
2026-06-01 18:30:44,494 - functions - INFO - --------------------------------------------------
2026-06-01 18:32:35,035 - functions - INFO - [Memory before cleanup] Allocated: 39.97 MB, Reserved: 122.00 MB
2026-06-01 18:32:35,173 - functions - INFO - [Memory after cleanup] Allocated: 28.10 MB, Reserved: 60.00 MB
2026-06-01 18:32:35,173 - functions - INFO - --------------------------------------------------
2026-06-01 18:32:35,178 - functions - INFO - Losses and parameters saved to /home/disi/NLU-RS-Project/NLU/part_A/results/part2a0/sweep_2026-06-01_15-15-08/hid_size=350_emb_size=350_lr=0.001/losses.json
2026-06-01 18:32:35,420 - functions - INFO - Loss plot successfully generated and saved to /home/disi/NLU-RS-Project/NLU/part_A/results/part2a0/sweep_2026-06-01_15-15-08/hid_size=350_emb_size=350_lr=0.001/loss_plot.png
2026-06-01 18:32:35,428 - functions - INFO - 
--- Trial 21 ---
2026-06-01 18:32:35,428 - functions - INFO - Duplicate hyperparameters found: {'n_epochs': 200, 'runs': 5, 'patience_value': 5, 'hid_size': 400, 'emb_size': 450, 'optimizer': 'Adam', 'lr': 0.0003, 'clip': 5.0, 'train_batch_size': 64, 'eval_batch_size': 128}
2026-06-01 18:32:35,428 - functions - INFO - Rejecting this trial to force Optuna to explore new parameters
2026-06-01 18:32:35,433 - functions - INFO - 
--- Trial 22 ---
2026-06-01 18:32:35,433 - functions - INFO - Duplicate hyperparameters found: {'n_epochs': 200, 'runs': 5, 'patience_value': 5, 'hid_size': 400, 'emb_size': 450, 'optimizer': 'Adam', 'lr': 0.0003, 'clip': 5.0, 'train_batch_size': 64, 'eval_batch_size': 128}
2026-06-01 18:32:35,433 - functions - INFO - Rejecting this trial to force Optuna to explore new parameters
2026-06-01 18:32:35,439 - functions - INFO - 
--- Trial 23 ---
2026-06-01 18:32:35,439 - functions - INFO - Duplicate hyperparameters found: {'n_epochs': 200, 'runs': 5, 'patience_value': 5, 'hid_size': 400, 'emb_size': 450, 'optimizer': 'Adam', 'lr': 0.0003, 'clip': 5.0, 'train_batch_size': 64, 'eval_batch_size': 128}
2026-06-01 18:32:35,439 - functions - INFO - Rejecting this trial to force Optuna to explore new parameters
2026-06-01 18:32:35,450 - functions - INFO - 
--- Trial 24 ---
2026-06-01 18:32:35,450 - functions - INFO - Testing params for Baseline Model IAS: {'n_epochs': 200, 'runs': 5, 'patience_value': 5, 'hid_size': 250, 'emb_size': 500, 'optimizer': 'Adam', 'lr': 3e-05, 'clip': 5.0, 'train_batch_size': 64, 'eval_batch_size': 128}
2026-06-01 18:36:07,753 - functions - INFO - [Memory before cleanup] Allocated: 35.86 MB, Reserved: 96.00 MB
2026-06-01 18:36:07,881 - functions - INFO - [Memory after cleanup] Allocated: 26.24 MB, Reserved: 60.00 MB
2026-06-01 18:36:07,881 - functions - INFO - --------------------------------------------------
2026-06-01 18:39:43,823 - functions - INFO - [Memory before cleanup] Allocated: 35.17 MB, Reserved: 86.00 MB
2026-06-01 18:39:43,947 - functions - INFO - [Memory after cleanup] Allocated: 25.83 MB, Reserved: 40.00 MB
2026-06-01 18:39:43,947 - functions - INFO - --------------------------------------------------
2026-06-01 18:43:15,965 - functions - INFO - [Memory before cleanup] Allocated: 35.86 MB, Reserved: 106.00 MB
2026-06-01 18:43:16,101 - functions - INFO - [Memory after cleanup] Allocated: 26.52 MB, Reserved: 52.00 MB
2026-06-01 18:43:16,102 - functions - INFO - --------------------------------------------------
2026-06-01 18:46:50,225 - functions - INFO - [Memory before cleanup] Allocated: 35.89 MB, Reserved: 106.00 MB
2026-06-01 18:46:50,350 - functions - INFO - [Memory after cleanup] Allocated: 26.00 MB, Reserved: 38.00 MB
2026-06-01 18:46:50,351 - functions - INFO - --------------------------------------------------
2026-06-01 18:50:25,443 - functions - INFO - [Memory before cleanup] Allocated: 36.53 MB, Reserved: 92.00 MB
2026-06-01 18:50:25,571 - functions - INFO - [Memory after cleanup] Allocated: 26.93 MB, Reserved: 38.00 MB
2026-06-01 18:50:25,572 - functions - INFO - --------------------------------------------------
2026-06-01 18:50:25,576 - functions - INFO - Losses and parameters saved to /home/disi/NLU-RS-Project/NLU/part_A/results/part2a0/sweep_2026-06-01_15-15-08/hid_size=250_emb_size=500_lr=3e-05/losses.json
2026-06-01 18:50:25,853 - functions - INFO - Loss plot successfully generated and saved to /home/disi/NLU-RS-Project/NLU/part_A/results/part2a0/sweep_2026-06-01_15-15-08/hid_size=250_emb_size=500_lr=3e-05/loss_plot.png
2026-06-01 18:50:25,856 - functions - INFO - 
================ SWEEP COMPLETE ================
2026-06-01 18:50:25,856 - functions - INFO - Best hyperparameters found:
2026-06-01 18:50:25,856 - functions - INFO -   hid_size: 400
2026-06-01 18:50:25,856 - functions - INFO -   emb_size: 350
2026-06-01 18:50:25,857 - functions - INFO -   lr: 0.0005
2026-06-01 18:50:25,857 - functions - INFO - Best validation Dev F1: 0.9711
2026-06-01 18:50:25,857 - functions - INFO - Best model and plots have been saved to: /home/disi/NLU-RS-Project/NLU/part_A/results/part2a0/sweep_2026-06-01_15-15-08/best_model
